Component: ARM Compiler 5.05 update 1 (build 106) Tool: armlink [4d0efa]

==============================================================================

Section Cross References

    startup_stm32f10x_md.o(STACK) refers (Special) to heapauxi.o(.text) for __use_two_region_memory
    startup_stm32f10x_md.o(HEAP) refers (Special) to heapauxi.o(.text) for __use_two_region_memory
    startup_stm32f10x_md.o(RESET) refers (Special) to heapauxi.o(.text) for __use_two_region_memory
    startup_stm32f10x_md.o(RESET) refers to startup_stm32f10x_md.o(STACK) for __initial_sp
    startup_stm32f10x_md.o(RESET) refers to startup_stm32f10x_md.o(.text) for Reset_Handler
    startup_stm32f10x_md.o(RESET) refers to stm32f10x_it.o(i.NMI_Handler) for NMI_Handler
    startup_stm32f10x_md.o(RESET) refers to stm32f10x_it.o(i.HardFault_Handler) for HardFault_Handler
    startup_stm32f10x_md.o(RESET) refers to stm32f10x_it.o(i.MemManage_Handler) for MemManage_Handler
    startup_stm32f10x_md.o(RESET) refers to stm32f10x_it.o(i.BusFault_Handler) for BusFault_Handler
    startup_stm32f10x_md.o(RESET) refers to stm32f10x_it.o(i.UsageFault_Handler) for UsageFault_Handler
    startup_stm32f10x_md.o(RESET) refers to stm32f10x_it.o(i.SVC_Handler) for SVC_Handler
    startup_stm32f10x_md.o(RESET) refers to stm32f10x_it.o(i.DebugMon_Handler) for DebugMon_Handler
    startup_stm32f10x_md.o(RESET) refers to stm32f10x_it.o(i.PendSV_Handler) for PendSV_Handler
    startup_stm32f10x_md.o(RESET) refers to stm32f10x_it.o(i.SysTick_Handler) for SysTick_Handler
    startup_stm32f10x_md.o(RESET) refers to usart1.o(i.USART1_IRQHandler) for USART1_IRQHandler
    startup_stm32f10x_md.o(RESET) refers to usart3.o(i.USART3_IRQHandler) for USART3_IRQHandler
    startup_stm32f10x_md.o(.text) refers (Special) to heapauxi.o(.text) for __use_two_region_memory
    startup_stm32f10x_md.o(.text) refers to system_stm32f10x.o(i.SystemInit) for SystemInit
    startup_stm32f10x_md.o(.text) refers to __main.o(!!!main) for __main
    startup_stm32f10x_md.o(.text) refers to startup_stm32f10x_md.o(HEAP) for Heap_Mem
    startup_stm32f10x_md.o(.text) refers to startup_stm32f10x_md.o(STACK) for Stack_Mem
    stm32f10x_adc.o(i.ADC_DeInit) refers to stm32f10x_rcc.o(i.RCC_APB2PeriphResetCmd) for RCC_APB2PeriphResetCmd
    stm32f10x_gpio.o(i.GPIO_AFIODeInit) refers to stm32f10x_rcc.o(i.RCC_APB2PeriphResetCmd) for RCC_APB2PeriphResetCmd
    stm32f10x_gpio.o(i.GPIO_DeInit) refers to stm32f10x_rcc.o(i.RCC_APB2PeriphResetCmd) for RCC_APB2PeriphResetCmd
    stm32f10x_rcc.o(i.RCC_GetClocksFreq) refers to stm32f10x_rcc.o(.data) for APBAHBPrescTable
    stm32f10x_rcc.o(i.RCC_WaitForHSEStartUp) refers to stm32f10x_rcc.o(i.RCC_GetFlagStatus) for RCC_GetFlagStatus
    stm32f10x_rtc.o(i.RTC_SetAlarm) refers to stm32f10x_rtc.o(i.RTC_EnterConfigMode) for RTC_EnterConfigMode
    stm32f10x_rtc.o(i.RTC_SetAlarm) refers to stm32f10x_rtc.o(i.RTC_ExitConfigMode) for RTC_ExitConfigMode
    stm32f10x_rtc.o(i.RTC_SetCounter) refers to stm32f10x_rtc.o(i.RTC_EnterConfigMode) for RTC_EnterConfigMode
    stm32f10x_rtc.o(i.RTC_SetCounter) refers to stm32f10x_rtc.o(i.RTC_ExitConfigMode) for RTC_ExitConfigMode
    stm32f10x_rtc.o(i.RTC_SetPrescaler) refers to stm32f10x_rtc.o(i.RTC_EnterConfigMode) for RTC_EnterConfigMode
    stm32f10x_rtc.o(i.RTC_SetPrescaler) refers to stm32f10x_rtc.o(i.RTC_ExitConfigMode) for RTC_ExitConfigMode
    stm32f10x_tim.o(i.TIM_DeInit) refers to stm32f10x_rcc.o(i.RCC_APB2PeriphResetCmd) for RCC_APB2PeriphResetCmd
    stm32f10x_tim.o(i.TIM_DeInit) refers to stm32f10x_rcc.o(i.RCC_APB1PeriphResetCmd) for RCC_APB1PeriphResetCmd
    stm32f10x_tim.o(i.TIM_ETRClockMode1Config) refers to stm32f10x_tim.o(i.TIM_ETRConfig) for TIM_ETRConfig
    stm32f10x_tim.o(i.TIM_ETRClockMode2Config) refers to stm32f10x_tim.o(i.TIM_ETRConfig) for TIM_ETRConfig
    stm32f10x_tim.o(i.TIM_ICInit) refers to stm32f10x_tim.o(i.TI1_Config) for TI1_Config
    stm32f10x_tim.o(i.TIM_ICInit) refers to stm32f10x_tim.o(i.TIM_SetIC1Prescaler) for TIM_SetIC1Prescaler
    stm32f10x_tim.o(i.TIM_ICInit) refers to stm32f10x_tim.o(i.TI2_Config) for TI2_Config
    stm32f10x_tim.o(i.TIM_ICInit) refers to stm32f10x_tim.o(i.TIM_SetIC2Prescaler) for TIM_SetIC2Prescaler
    stm32f10x_tim.o(i.TIM_ICInit) refers to stm32f10x_tim.o(i.TI3_Config) for TI3_Config
    stm32f10x_tim.o(i.TIM_ICInit) refers to stm32f10x_tim.o(i.TIM_SetIC3Prescaler) for TIM_SetIC3Prescaler
    stm32f10x_tim.o(i.TIM_ICInit) refers to stm32f10x_tim.o(i.TI4_Config) for TI4_Config
    stm32f10x_tim.o(i.TIM_ICInit) refers to stm32f10x_tim.o(i.TIM_SetIC4Prescaler) for TIM_SetIC4Prescaler
    stm32f10x_tim.o(i.TIM_ITRxExternalClockConfig) refers to stm32f10x_tim.o(i.TIM_SelectInputTrigger) for TIM_SelectInputTrigger
    stm32f10x_tim.o(i.TIM_PWMIConfig) refers to stm32f10x_tim.o(i.TI1_Config) for TI1_Config
    stm32f10x_tim.o(i.TIM_PWMIConfig) refers to stm32f10x_tim.o(i.TIM_SetIC1Prescaler) for TIM_SetIC1Prescaler
[...]
    .text                                    0x08000a0c   Section        0  _printf_char_file.o(.text)
    .text                                    0x08000a30   Section       78  rt_memclr_w.o(.text)
    .text                                    0x08000a80   Section        8  rt_locale_intlibspace.o(.text)
    .text                                    0x08000a88   Section      138  lludiv10.o(.text)
    .text                                    0x08000b14   Section        0  _printf_fp_infnan.o(.text)
    .text                                    0x08000b94   Section        0  bigflt0.o(.text)
    .text                                    0x08000c70   Section        0  ferror.o(.text)
    .text                                    0x08000c78   Section        0  initio.o(.text)
    .text                                    0x08000db0   Section        0  sys_io.o(.text)
    .text                                    0x08000e18   Section        8  libspace.o(.text)
    .text                                    0x08000e20   Section       74  sys_stackheap_outer.o(.text)
    .text                                    0x08000e6a   Section        0  h1_free.o(.text)
    .text                                    0x08000eb8   Section        0  flsbuf.o(.text)
    .text                                    0x0800108e   Section        0  setvbuf.o(.text)
    .text                                    0x080010d4   Section        0  fopen.o(.text)
    _freopen_locked                          0x080010d5   Thumb Code     0  fopen.o(.text)
    .text                                    0x080011c0   Section        0  fclose.o(.text)
    .text                                    0x0800120c   Section        0  exit.o(.text)
    .text                                    0x08001218   Section        0  defsig_rtred_outer.o(.text)
    .text                                    0x08001228   Section      128  strcmpv7m.o(.text)
    .text                                    0x080012a8   Section        2  use_no_semi.o(.text)
    .text                                    0x080012aa   Section        0  indicate_semi.o(.text)
    .text                                    0x080012ac   Section        8  rt_heap_descriptor_intlibspace.o(.text)
    .text                                    0x080012b4   Section        0  hguard.o(.text)
    .text                                    0x080012b8   Section        0  init_alloc.o(.text)
    .text                                    0x08001342   Section        0  h1_alloc.o(.text)
    .text                                    0x080013a0   Section        0  fseek.o(.text)
    .text                                    0x08001498   Section        0  stdio.o(.text)
    .text                                    0x08001588   Section        0  defsig_exit.o(.text)
    .text                                    0x08001594   Section        0  defsig_rtred_inner.o(.text)
    .text                                    0x080015c8   Section        0  strlen.o(.text)
    .text                                    0x08001608   Section        0  sys_exit.o(.text)
    .text                                    0x08001614   Section        0  h1_init.o(.text)
    .text                                    0x08001622   Section        0  h1_extend.o(.text)
    .text                                    0x08001656   Section        0  ftell.o(.text)
    .text                                    0x08001698   Section        0  defsig_general.o(.text)
    .text                                    0x080016ca   Section        0  defsig_rtmem_outer.o(.text)
    .text                                    0x080016d8   Section        0  sys_wrch.o(.text)
    .text                                    0x080016e8   Section        8  rt_errno_addr_intlibspace.o(.text)
    .text                                    0x080016f0   Section        0  defsig_rtmem_inner.o(.text)
    CL$$btod_d2e                             0x08001740   Section       62  btod.o(CL$$btod_d2e)
    CL$$btod_d2e_denorm_low                  0x0800177e   Section       70  btod.o(CL$$btod_d2e_denorm_low)
    CL$$btod_d2e_norm_op1                    0x080017c4   Section       96  btod.o(CL$$btod_d2e_norm_op1)
    CL$$btod_div_common                      0x08001824   Section      824  btod.o(CL$$btod_div_common)
    CL$$btod_e2e                             0x08001b5c   Section      198  btod.o(CL$$btod_e2e)
    CL$$btod_ediv                            0x08001c22   Section       40  btod.o(CL$$btod_ediv)
    CL$$btod_emul                            0x08001c4a   Section       40  btod.o(CL$$btod_emul)
    CL$$btod_mult_common                     0x08001c72   Section      580  btod.o(CL$$btod_mult_common)
    i.BusFault_Handler                       0x08001eb6   Section        0  stm32f10x_it.o(i.BusFault_Handler)
    i.DS18B20_GPIO_Init                      0x08001ebc   Section        0  ds18b20.o(i.DS18B20_GPIO_Init)
    i.DS18B20_Init                           0x08001ef4   Section        0  ds18b20.o(i.DS18B20_Init)
    i.DS18B20_ReadByte                       0x08001fa4   Section        0  ds18b20.o(i.DS18B20_ReadByte)
    i.DS18B20_WriteByte                      0x08002024   Section        0  ds18b20.o(i.DS18B20_WriteByte)
    i.DebugMon_Handler                       0x080020a4   Section        0  stm32f10x_it.o(i.DebugMon_Handler)
    i.GPIO_Init                              0x080020a6   Section        0  stm32f10x_gpio.o(i.GPIO_Init)
    i.GPIO_PinRemapConfig                    0x080021bc   Section        0  stm32f10x_gpio.o(i.GPIO_PinRemapConfig)
    i.GPIO_ReadInputDataBit                  0x0800224c   Section        0  stm32f10x_gpio.o(i.GPIO_ReadInputDataBit)
    i.GPIO_ReadOutputData                    0x0800225e   Section        0  stm32f10x_gpio.o(i.GPIO_ReadOutputData)
    i.GPIO_ResetBits                         0x08002266   Section        0  stm32f10x_gpio.o(i.GPIO_ResetBits)
    i.GPIO_SetBits                           0x0800226a   Section        0  stm32f10x_gpio.o(i.GPIO_SetBits)
    i.GPIO_Write                             0x0800226e   Section        0  stm32f10x_gpio.o(i.GPIO_Write)
    i.Get_Average_Value                      0x08002272   Section        0  main.o(i.Get_Average_Value)
    i.Get_JFC103_Data                        0x080022f0   Section        0  main.o(i.Get_JFC103_Data)
    i.HardFault_Handler                      0x08002498   Section        0  stm32f10x_it.o(i.HardFault_Handler)
    i.KEY_GPIO_Init                          0x0800249c   Section        0  gpio.o(i.KEY_GPIO_Init)
    i.LCD_Clear                              0x080024f0   Section        0  lcd1602.o(i.LCD_Clear)
    i.LCD_Init                               0x08002500   Section        0  lcd1602.o(i.LCD_Init)
    i.LCD_Write_Char                         0x080025a0   Section        0  lcd1602.o(i.LCD_Write_Char)
    i.LCD_Write_Com                          0x080025c8   Section        0  lcd1602.o(i.LCD_Write_Com)
    i.LCD_Write_Data                         0x0800262c   Section        0  lcd1602.o(i.LCD_Write_Data)
    i.LCD_Write_String                       0x0800268c   Section        0  lcd1602.o(i.LCD_Write_String)
    i.MemManage_Handler                      0x080026be   Section        0  stm32f10x_it.o(i.MemManage_Handler)
    i.NMI_Handler                            0x080026c2   Section        0  stm32f10x_it.o(i.NMI_Handler)
    i.NVIC_Configuration                     0x080026c4   Section        0  sys.o(i.NVIC_Configuration)
    i.NVIC_Init                              0x080026d0   Section        0  misc.o(i.NVIC_Init)
    i.NVIC_PriorityGroupConfig               0x08002740   Section        0  misc.o(i.NVIC_PriorityGroupConfig)
    i.PendSV_Handler                         0x08002754   Section        0  stm32f10x_it.o(i.PendSV_Handler)
    i.RCC_APB1PeriphClockCmd                 0x08002758   Section        0  stm32f10x_rcc.o(i.RCC_APB1PeriphClockCmd)
    i.RCC_APB1PeriphResetCmd                 0x08002778   Section        0  stm32f10x_rcc.o(i.RCC_APB1PeriphResetCmd)
    i.RCC_APB2PeriphClockCmd                 0x08002798   Section        0  stm32f10x_rcc.o(i.RCC_APB2PeriphClockCmd)
    i.RCC_APB2PeriphResetCmd                 0x080027b8   Section        0  stm32f10x_rcc.o(i.RCC_APB2PeriphResetCmd)
    i.RCC_GetClocksFreq                      0x080027d8   Section        0  stm32f10x_rcc.o(i.RCC_GetClocksFreq)
    i.ReadTemperature                        0x080028ac   Section        0  ds18b20.o(i.ReadTemperature)
    i.Reverse_Bit                            0x08002910   Section        0  lcd1602.o(i.Reverse_Bit)
    i.SVC_Handler                            0x08002938   Section        0  stm32f10x_it.o(i.SVC_Handler)
    i.SetSysClock                            0x0800293a   Section        0  system_stm32f10x.o(i.SetSysClock)
    SetSysClock                              0x0800293b   Thumb Code     8  system_stm32f10x.o(i.SetSysClock)
    i.SetSysClockTo72                        0x08002944   Section        0  system_stm32f10x.o(i.SetSysClockTo72)
    SetSysClockTo72                          0x08002945   Thumb Code   214  system_stm32f10x.o(i.SetSysClockTo72)
    i.SysTick_CLKSourceConfig                0x08002a24   Section        0  misc.o(i.SysTick_CLKSourceConfig)
    i.SysTick_Handler                        0x08002a4c   Section        0  stm32f10x_it.o(i.SysTick_Handler)
    i.SystemInit                             0x08002a50   Section        0  system_stm32f10x.o(i.SystemInit)
    i.USART1_IRQHandler                      0x08002ab0   Section        0  usart1.o(i.USART1_IRQHandler)
    i.USART3_IRQHandler                      0x08002b08   Section        0  usart3.o(i.USART3_IRQHandler)
    i.USART3_Init                            0x08002b68   Section        0  usart3.o(i.USART3_Init)
    i.USART3_Sned_Char                       0x08002c14   Section        0  usart3.o(i.USART3_Sned_Char)
    i.USART_ClearFlag                        0x08002c34   Section        0  stm32f10x_usart.o(i.USART_ClearFlag)
    i.USART_ClearITPendingBit                0x08002c46   Section        0  stm32f10x_usart.o(i.USART_ClearITPendingBit)
    i.USART_Cmd                              0x08002c64   Section        0  stm32f10x_usart.o(i.USART_Cmd)
    i.USART_DeInit                           0x08002c7c   Section        0  stm32f10x_usart.o(i.USART_DeInit)
    i.USART_GetFlagStatus                    0x08002d18   Section        0  stm32f10x_usart.o(i.USART_GetFlagStatus)
    i.USART_GetITStatus                      0x08002d32   Section        0  stm32f10x_usart.o(i.USART_GetITStatus)
    i.USART_ITConfig                         0x08002d86   Section        0  stm32f10x_usart.o(i.USART_ITConfig)
    i.USART_Init                             0x08002dd0   Section        0  stm32f10x_usart.o(i.USART_Init)
    i.USART_ReceiveData                      0x08002ea8   Section        0  stm32f10x_usart.o(i.USART_ReceiveData)
    i.USART_SendData                         0x08002eb2   Section        0  stm32f10x_usart.o(i.USART_SendData)
    i.Uart3_SendStr                          0x08002eba   Section        0  usart3.o(i.Uart3_SendStr)
    i.UsageFault_Handler                     0x08002ed0   Section        0  stm32f10x_it.o(i.UsageFault_Handler)
    i.__ARM_fpclassify                       0x08002ed4   Section        0  fpclassify.o(i.__ARM_fpclassify)
    i._is_digit                              0x08002efc   Section        0  __printf_wp.o(i._is_digit)
    i.delay_init                             0x08002f0c   Section        0  delay.o(i.delay_init)
    i.delay_ms                               0x08002f50   Section        0  delay.o(i.delay_ms)
    i.delay_us                               0x08002f9c   Section        0  delay.o(i.delay_us)
    i.displaySetValue                        0x08002fe8   Section        0  main.o(i.displaySetValue)
    i.fputc                                  0x080031fc   Section        0  fputc.o(i.fputc)
    i.keyscan                                0x08003218   Section        0  main.o(i.keyscan)
    i.main                                   0x08003744   Section        0  main.o(i.main)
    i.uart1_Init                             0x08003a60   Section        0  usart1.o(i.uart1_Init)
    locale$$code                             0x08003b14   Section       44  lc_numeric_c.o(locale$$code)
    x$fpl$d2f                                0x08003b40   Section       98  d2f.o(x$fpl$d2f)
    x$fpl$dadd                               0x08003ba4   Section      336  daddsub_clz.o(x$fpl$dadd)
    _dadd1                                   0x08003bb5   Thumb Code     0  daddsub_clz.o(x$fpl$dadd)
    x$fpl$dcmpinf                            0x08003cf4   Section       24  dcmpi.o(x$fpl$dcmpinf)
    x$fpl$dflt                               0x08003d0c   Section       46  dflt_clz.o(x$fpl$dflt)
    x$fpl$dleqf                              0x08003d3c   Section      120  dleqf.o(x$fpl$dleqf)
    x$fpl$dmul                               0x08003db4   Section      340  dmul.o(x$fpl$dmul)
    x$fpl$dnaninf                            0x08003f08   Section      156  dnaninf.o(x$fpl$dnaninf)
    x$fpl$dretinf                            0x08003fa4   Section       12  dretinf.o(x$fpl$dretinf)
    x$fpl$drleqf                             0x08003fb0   Section      108  drleqf.o(x$fpl$drleqf)
    x$fpl$dsub                               0x0800401c   Section      468  daddsub_clz.o(x$fpl$dsub)
    _dsub1                                   0x0800402d   Thumb Code     0  daddsub_clz.o(x$fpl$dsub)
    x$fpl$f2d                                0x080041f0   Section       86  f2d.o(x$fpl$f2d)
    x$fpl$fcmpinf                            0x08004246   Section       24  fcmpi.o(x$fpl$fcmpinf)
    x$fpl$fleqf                              0x08004260   Section      104  fleqf.o(x$fpl$fleqf)
    x$fpl$fnaninf                            0x080042c8   Section      140  fnaninf.o(x$fpl$fnaninf)
    x$fpl$fretinf                            0x08004354   Section       10  fretinf.o(x$fpl$fretinf)
    x$fpl$frleqf                             0x0800435e   Section       98  frleqf.o(x$fpl$frleqf)
    x$fpl$printf1                            0x080043c0   Section        4  printf1.o(x$fpl$printf1)
    .constdata                               0x080043c4   Section       17  __printf_flags_wp.o(.constdata)
    x$fpl$usenofp                            0x080043c4   Section        0  usenofp.o(x$fpl$usenofp)
    maptable                                 0x080043c4   Data          17  __printf_flags_wp.o(.constdata)
    .constdata                               0x080043d8   Section      148  bigflt0.o(.constdata)
    tenpwrs_x                                0x080043d8   Data          60  bigflt0.o(.constdata)
    tenpwrs_i                                0x08004414   Data          64  bigflt0.o(.constdata)
    .constdata                               0x0800446c   Section        4  sys_io.o(.constdata)
    .constdata                               0x08004470   Section        4  sys_io.o(.constdata)
    .constdata                               0x08004474   Section        4  sys_io.o(.constdata)
    .conststring                             0x08004478   Section       66  main.o(.conststring)
    locale$$data                             0x080044dc   Section       28  lc_numeric_c.o(locale$$data)
    __lcnum_c_name                           0x080044e0   Data           2  lc_numeric_c.o(locale$$data)
    __lcnum_c_start                          0x080044e8   Data           0  lc_numeric_c.o(locale$$data)
    __lcnum_c_point                          0x080044f4   Data           0  lc_numeric_c.o(locale$$data)
    __lcnum_c_thousands                      0x080044f6   Data           0  lc_numeric_c.o(locale$$data)
    __lcnum_c_grouping                       0x080044f7   Data           0  lc_numeric_c.o(locale$$data)
    __lcnum_c_end                            0x080044f8   Data           0  lc_numeric_c.o(locale$$data)
    .data                                    0x20000000   Section       20  stm32f10x_rcc.o(.data)
    APBAHBPrescTable                         0x20000000   Data          16  stm32f10x_rcc.o(.data)
    ADCPrescTable                            0x20000010   Data           4  stm32f10x_rcc.o(.data)
    .data                                    0x20000014   Section       40  main.o(.data)
    ZeroCount1                               0x20000038   Data           1  main.o(.data)
    ZeroCount3                               0x20000039   Data           1  main.o(.data)
    count1                                   0x2000003a   Data           1  main.o(.data)
    count2                                   0x2000003b   Data           1  main.o(.data)
    .data                                    0x2000003c   Section       20  system_stm32f10x.o(.data)
    .data                                    0x20000050   Section        4  delay.o(.data)
    fac_us                                   0x20000050   Data           1  delay.o(.data)
    fac_ms                                   0x20000052   Data           2  delay.o(.data)
    .data                                    0x20000054   Section        5  usart1.o(.data)
    .data                                    0x2000005c   Section        4  usart3.o(.data)
    .data                                    0x20000060   Section        4  stdio_streams.o(.data)
    .data                                    0x20000064   Section        4  stdio_streams.o(.data)
    .data                                    0x20000068   Section        4  stdio_streams.o(.data)
    .bss                                     0x2000006c   Section       80  main.o(.bss)
    .bss                                     0x200000bc   Section       88  usart1.o(.bss)
    .bss                                     0x20000114   Section      200  usart3.o(.bss)
    .bss                                     0x200001dc   Section       84  stdio_streams.o(.bss)
    .bss                                     0x20000230   Section       84  stdio_streams.o(.bss)
    .bss                                     0x20000284   Section       84  stdio_streams.o(.bss)
    .bss                                     0x200002d8   Section       96  libspace.o(.bss)
    HEAP                                     0x20000338   Section      512  startup_stm32f10x_md.o(HEAP)
    Heap_Mem                                 0x20000338   Data         512  startup_stm32f10x_md.o(HEAP)
    STACK                                    0x20000538   Section     1024  startup_stm32f10x_md.o(STACK)
    Stack_Mem                                0x20000538   Data        1024  startup_stm32f10x_md.o(STACK)
    __initial_sp                             0x20000938   Data           0  startup_stm32f10x_md.o(STACK)

    Global Symbols

    Symbol Name                              Value     Ov Type        Size  Object(Section)

    BuildAttributes$$THM_ISAv4$P$D$K$B$S$PE$A:L22UL41UL21$X:L11$S22US41US21$IEEE1$IW$USESV6$~STKCKD$USESV7$~SHL$OTIME$ROPI$IEEEJ$EBA8$UX$STANDARDLIB$REQ8$PRES8$EABIv2 0x00000000   Number         0  anon$$obj.o ABSOLUTE
    __ARM_use_no_argv                        0x00000000   Number         0  main.o ABSOLUTE
    _printf_flags                            0x00000000   Number         0  printf_stubs.o ABSOLUTE
    _printf_return_value                     0x00000000   Number         0  printf_stubs.o ABSOLUTE
    _printf_sizespec                         0x00000000   Number         0  printf_stubs.o ABSOLUTE
    _printf_widthprec                        0x00000000   Number         0  printf_stubs.o ABSOLUTE
    __ARM_exceptions_init                     - Undefined Weak Reference
    __alloca_initialize                       - Undefined Weak Reference
    __arm_preinit_                            - Undefined Weak Reference
    __cpp_initialize__aeabi_                  - Undefined Weak Reference
    __cxa_finalize                            - Undefined Weak Reference
    __sigvec_lookup                           - Undefined Weak Reference
    __user_heap_extent                        - Undefined Weak Reference
    _atexit_init                              - Undefined Weak Reference
    _call_atexit_fns                          - Undefined Weak Reference
    _clock_init                               - Undefined Weak Reference
    _fp_trap_init                             - Undefined Weak Reference
    _fp_trap_shutdown                         - Undefined Weak Reference
    _get_lc_collate                           - Undefined Weak Reference
    _get_lc_ctype                             - Undefined Weak Reference
    _get_lc_monetary                          - Undefined Weak Reference
    _get_lc_time                              - Undefined Weak Reference
    _getenv_init                              - Undefined Weak Reference
    _handle_redirection                       - Undefined Weak Reference
    _mutex_acquire                            - Undefined Weak Reference
    _mutex_free                               - Undefined Weak Reference
    _mutex_release                            - Undefined Weak Reference
    _printf_mbtowc                            - Undefined Weak Reference
    _printf_truncate_signed                   - Undefined Weak Reference
    _printf_truncate_unsigned                 - Undefined Weak Reference
    _rand_init                                - Undefined Weak Reference
    _signal_finish                            - Undefined Weak Reference
    _signal_init                              - Undefined Weak Reference
    __Vectors_Size                           0x000000ec   Number         0  startup_stm32f10x_md.o ABSOLUTE
    __Vectors                                0x08000000   Data           4  startup_stm32f10x_md.o(RESET)
    __Vectors_End                            0x080000ec   Data           0  startup_stm32f10x_md.o(RESET)
    __main                                   0x080000ed   Thumb Code     8  __main.o(!!!main)
    __scatterload                            0x080000f5   Thumb Code     0  __scatter.o(!!!scatter)
    __scatterload_rt2                        0x080000f5   Thumb Code    44  __scatter.o(!!!scatter)
    __scatterload_rt2_thumb_only             0x080000f5   Thumb Code     0  __scatter.o(!!!scatter)
    __scatterload_null                       0x08000103   Thumb Code     0  __scatter.o(!!!scatter)
    __scatterload_copy                       0x08000129   Thumb Code    26  __scatter_copy.o(!!handler_copy)
    __scatterload_zeroinit                   0x08000145   Thumb Code    28  __scatter_zi.o(!!handler_zi)
    _printf_f                                0x08000161   Thumb Code     0  _printf_f.o(.ARM.Collect$$_printf_percent$$00000003)
    _printf_percent                          0x08000161   Thumb Code     0  _printf_percent.o(.ARM.Collect$$_printf_percent$$00000000)
    _printf_d                                0x08000167   Thumb Code     0  _printf_d.o(.ARM.Collect$$_printf_percent$$00000009)
    _printf_c                                0x0800016d   Thumb Code     0  _printf_c.o(.ARM.Collect$$_printf_percent$$00000013)
    _printf_percent_end                      0x08000173   Thumb Code     0  _printf_percent_end.o(.ARM.Collect$$_printf_percent$$00000017)
    __rt_lib_init                            0x08000177   Thumb Code     0  libinit.o(.ARM.Collect$$libinit$$00000000)
    __rt_lib_init_fp_1                       0x08000179   Thumb Code     0  libinit2.o(.ARM.Collect$$libinit$$00000002)
    __rt_lib_init_heap_2                     0x08000179   Thumb Code     0  libinit2.o(.ARM.Collect$$libinit$$00000005)
    __rt_lib_init_preinit_1                  0x08000179   Thumb Code     0  libinit2.o(.ARM.Collect$$libinit$$00000004)
    __rt_lib_init_heap_1                     0x08000181   Thumb Code     0  libinit2.o(.ARM.Collect$$libinit$$0000000A)
    __rt_lib_init_lc_common                  0x08000181   Thumb Code     0  libinit2.o(.ARM.Collect$$libinit$$0000000F)
    __rt_lib_init_rand_1                     0x08000181   Thumb Code     0  libinit2.o(.ARM.Collect$$libinit$$0000000E)
    __rt_lib_init_user_alloc_1               0x08000181   Thumb Code     0  libinit2.o(.ARM.Collect$$libinit$$0000000C)
    __rt_lib_init_lc_collate_1               0x08000187   Thumb Code     0  libinit2.o(.ARM.Collect$$libinit$$00000011)
    __rt_lib_init_lc_ctype_1                 0x08000187   Thumb Code     0  libinit2.o(.ARM.Collect$$libinit$$00000013)
    __rt_lib_init_lc_monetary_1              0x08000187   Thumb Code     0  libinit2.o(.ARM.Collect$$libinit$$00000015)
    __rt_lib_init_lc_numeric_2               0x08000187   Thumb Code     0  libinit2.o(.ARM.Collect$$libinit$$00000016)
    __rt_lib_init_atexit_1                   0x08000191   Thumb Code     0  libinit2.o(.ARM.Collect$$libinit$$0000001B)
    __rt_lib_init_clock_1                    0x08000191   Thumb Code     0  libinit2.o(.ARM.Collect$$libinit$$00000021)
    __rt_lib_init_fp_trap_1                  0x08000191   Thumb Code     0  libinit2.o(.ARM.Collect$$libinit$$0000001F)
    __rt_lib_init_getenv_1                   0x08000191   Thumb Code     0  libinit2.o(.ARM.Collect$$libinit$$00000023)
    __rt_lib_init_lc_numeric_1               0x08000191   Thumb Code     0  libinit2.o(.ARM.Collect$$libinit$$00000017)
    __rt_lib_init_lc_time_1                  0x08000191   Thumb Code     0  libinit2.o(.ARM.Collect$$libinit$$00000019)
    __rt_lib_init_signal_1                   0x08000191   Thumb Code     0  libinit2.o(.ARM.Collect$$libinit$$0000001D)
    __rt_lib_init_stdio_2                    0x08000191   Thumb Code     0  libinit2.o(.ARM.Collect$$libinit$$00000024)
    __rt_lib_init_alloca_1                   0x08000195   Thumb Code     0  libinit2.o(.ARM.Collect$$libinit$$0000002E)
    __rt_lib_init_argv_1                     0x08000195   Thumb Code     0  libinit2.o(.ARM.Collect$$libinit$$0000002C)
    __rt_lib_init_cpp_1                      0x08000195   Thumb Code     0  libinit2.o(.ARM.Collect$$libinit$$00000032)
    __rt_lib_init_exceptions_1               0x08000195   Thumb Code     0  libinit2.o(.ARM.Collect$$libinit$$00000030)
    __rt_lib_init_return                     0x08000195   Thumb Code     0  libinit2.o(.ARM.Collect$$libinit$$00000033)
    __rt_lib_init_stdio_1                    0x08000195   Thumb Code     0  libinit2.o(.ARM.Collect$$libinit$$00000025)
    __rt_lib_shutdown                        0x08000197   Thumb Code     0  libshutdown.o(.ARM.Collect$$libshutdown$$00000000)
    __rt_lib_shutdown_stdio_2                0x08000199   Thumb Code     0  libshutdown2.o(.ARM.Collect$$libshutdown$$00000002)
    __rt_lib_shutdown_fp_trap_1              0x0800019d   Thumb Code     0  libshutdown2.o(.ARM.Collect$$libshutdown$$00000006)
    __rt_lib_shutdown_heap_1                 0x0800019d   Thumb Code     0  libshutdown2.o(.ARM.Collect$$libshutdown$$0000000E)
    __rt_lib_shutdown_return                 0x0800019d   Thumb Code     0  libshutdown2.o(.ARM.Collect$$libshutdown$$0000000F)
    __rt_lib_shutdown_signal_1               0x0800019d   Thumb Code     0  libshutdown2.o(.ARM.Collect$$libshutdown$$00000009)
    __rt_lib_shutdown_stdio_1                0x0800019d   Thumb Code     0  libshutdown2.o(.ARM.Collect$$libshutdown$$00000003)
    __rt_lib_shutdown_user_alloc_1           0x0800019d   Thumb Code     0  libshutdown2.o(.ARM.Collect$$libshutdown$$0000000B)
    __rt_entry                               0x0800019f   Thumb Code     0  __rtentry.o(.ARM.Collect$$rtentry$$00000000)
    __rt_entry_presh_1                       0x0800019f   Thumb Code     0  __rtentry2.o(.ARM.Collect$$rtentry$$00000002)
    __rt_entry_sh                            0x0800019f   Thumb Code     0  __rtentry4.o(.ARM.Collect$$rtentry$$00000004)
    __rt_entry_li                            0x080001a5   Thumb Code     0  __rtentry2.o(.ARM.Collect$$rtentry$$0000000A)
    __rt_entry_postsh_1                      0x080001a5   Thumb Code     0  __rtentry2.o(.ARM.Collect$$rtentry$$00000009)
    __rt_entry_main                          0x080001a9   Thumb Code     0  __rtentry2.o(.ARM.Collect$$rtentry$$0000000D)
    __rt_entry_postli_1                      0x080001a9   Thumb Code     0  __rtentry2.o(.ARM.Collect$$rtentry$$0000000C)
    __rt_exit                                0x080001b1   Thumb Code     0  rtexit.o(.ARM.Collect$$rtexit$$00000000)
    __rt_exit_ls                             0x080001b3   Thumb Code     0  rtexit2.o(.ARM.Collect$$rtexit$$00000003)
    __rt_exit_prels_1                        0x080001b3   Thumb Code     0  rtexit2.o(.ARM.Collect$$rtexit$$00000002)
    __rt_exit_exit                           0x080001b7   Thumb Code     0  rtexit2.o(.ARM.Collect$$rtexit$$00000004)
    Reset_Handler                            0x080001bd   Thumb Code     8  startup_stm32f10x_md.o(.text)
    _maybe_terminate_alloc                   0x080001bd   Thumb Code     0  maybetermalloc1.o(.emb_text)
    ADC1_2_IRQHandler                        0x080001d7   Thumb Code     0  startup_stm32f10x_md.o(.text)
    CAN1_RX1_IRQHandler                      0x080001d7   Thumb Code     0  startup_stm32f10x_md.o(.text)
    CAN1_SCE_IRQHandler                      0x080001d7   Thumb Code     0  startup_stm32f10x_md.o(.text)
    DMA1_Channel1_IRQHandler                 0x080001d7   Thumb Code     0  startup_stm32f10x_md.o(.text)
    DMA1_Channel2_IRQHandler                 0x080001d7   Thumb Code     0  startup_stm32f10x_md.o(.text)
    DMA1_Channel3_IRQHandler                 0x080001d7   Thumb Code     0  startup_stm32f10x_md.o(.text)
    DMA1_Channel4_IRQHandler                 0x080001d7   Thumb Code     0  startup_stm32f10x_md.o(.text)
    DMA1_Channel5_IRQHandler                 0x080001d7   Thumb Code     0  startup_stm32f10x_md.o(.text)
    DMA1_Channel6_IRQHandler                 0x080001d7   Thumb Code     0  startup_stm32f10x_md.o(.text)
    DMA1_Channel7_IRQHandler                 0x080001d7   Thumb Code     0  startup_stm32f10x_md.o(.text)
    EXTI0_IRQHandler                         0x080001d7   Thumb Code     0  startup_stm32f10x_md.o(.text)
    EXTI15_10_IRQHandler                     0x080001d7   Thumb Code     0  startup_stm32f10x_md.o(.text)
    EXTI1_IRQHandler                         0x080001d7   Thumb Code     0  startup_stm32f10x_md.o(.text)
    EXTI2_IRQHandler                         0x080001d7   Thumb Code     0  startup_stm32f10x_md.o(.text)
    EXTI3_IRQHandler                         0x080001d7   Thumb Code     0  startup_stm32f10x_md.o(.text)
    EXTI4_IRQHandler                         0x080001d7   Thumb Code     0  startup_stm32f10x_md.o(.text)
    EXTI9_5_IRQHandler                       0x080001d7   Thumb Code     0  startup_stm32f10x_md.o(.text)
    FLASH_IRQHandler                         0x080001d7   Thumb Code     0  startup_stm32f10x_md.o(.text)
    I2C1_ER_IRQHandler                       0x080001d7   Thumb Code     0  startup_stm32f10x_md.o(.text)
    I2C1_EV_IRQHandler                       0x080001d7   Thumb Code     0  startup_stm32f10x_md.o(.text)
    I2C2_ER_IRQHandler                       0x080001d7   Thumb Code     0  startup_stm32f10x_md.o(.text)
    I2C2_EV_IRQHandler                       0x080001d7   Thumb Code     0  startup_stm32f10x_md.o(.text)
    PVD_IRQHandler                           0x080001d7   Thumb Code     0  startup_stm32f10x_md.o(.text)
    RCC_IRQHandler                           0x080001d7   Thumb Code     0  startup_stm32f10x_md.o(.text)
    RTCAlarm_IRQHandler                      0x080001d7   Thumb Code     0  startup_stm32f10x_md.o(.text)
    RTC_IRQHandler                           0x080001d7   Thumb Code     0  startup_stm32f10x_md.o(.text)
    SPI1_IRQHandler                          0x080001d7   Thumb Code     0  startup_stm32f10x_md.o(.text)
    SPI2_IRQHandler                          0x080001d7   Thumb Code     0  startup_stm32f10x_md.o(.text)
    TAMPER_IRQHandler                        0x080001d7   Thumb Code     0  startup_stm32f10x_md.o(.text)
    TIM1_BRK_IRQHandler                      0x080001d7   Thumb Code     0  startup_stm32f10x_md.o(.text)
    TIM1_CC_IRQHandler                       0x080001d7   Thumb Code     0  startup_stm32f10x_md.o(.text)
    TIM1_TRG_COM_IRQHandler                  0x080001d7   Thumb Code     0  startup_stm32f10x_md.o(.text)
    TIM1_UP_IRQHandler                       0x080001d7   Thumb Code     0  startup_stm32f10x_md.o(.text)
    TIM2_IRQHandler                          0x080001d7   Thumb Code     0  startup_stm32f10x_md.o(.text)
    TIM3_IRQHandler                          0x080001d7   Thumb Code     0  startup_stm32f10x_md.o(.text)
    TIM4_IRQHandler                          0x080001d7   Thumb Code     0  startup_stm32f10x_md.o(.text)
    USART2_IRQHandler                        0x080001d7   Thumb Code     0  startup_stm32f10x_md.o(.text)
    USBWakeUp_IRQHandler                     0x080001d7   Thumb Code     0  startup_stm32f10x_md.o(.text)
    USB_HP_CAN1_TX_IRQHandler                0x080001d7   Thumb Code     0  startup_stm32f10x_md.o(.text)
    USB_LP_CAN1_RX0_IRQHandler               0x080001d7   Thumb Code     0  startup_stm32f10x_md.o(.text)
    WWDG_IRQHandler                          0x080001d7   Thumb Code     0  startup_stm32f10x_md.o(.text)
    __user_initial_stackheap                 0x080001d9   Thumb Code     0  startup_stm32f10x_md.o(.text)
    __2printf                                0x080001fd   Thumb Code    20  noretval__2printf.o(.text)
    __2sprintf                               0x08000215   Thumb Code    34  noretval__2sprintf.o(.text)
    _printf_pre_padding                      0x0800023d   Thumb Code    44  _printf_pad.o(.text)
    _printf_post_padding                     0x08000269   Thumb Code    34  _printf_pad.o(.text)
    _printf_str                              0x0800028b   Thumb Code    82  _printf_str.o(.text)
    _printf_int_dec                          0x080002dd   Thumb Code   104  _printf_dec.o(.text)
    __printf                                 0x08000355   Thumb Code   308  __printf_flags_wp.o(.text)
    __aeabi_memclr                           0x0800048d   Thumb Code     0  rt_memclr.o(.text)
    __rt_memclr                              0x0800048d   Thumb Code    68  rt_memclr.o(.text)
    _memset                                  0x08000491   Thumb Code     0  rt_memclr.o(.text)
    __use_two_region_memory                  0x080004d1   Thumb Code     2  heapauxi.o(.text)
    __rt_heap_escrow                         0x080004d3   Thumb Code     2  heapauxi.o(.text)
    __rt_heap_expand                         0x080004d5   Thumb Code     2  heapauxi.o(.text)
    _printf_int_common                       0x080004d7   Thumb Code   178  _printf_intcommon.o(.text)
    __lib_sel_fp_printf                      0x08000589   Thumb Code     2  _printf_fp_dec.o(.text)
    _printf_fp_dec_real                      0x08000737   Thumb Code   620  _printf_fp_dec.o(.text)
    _printf_char_common                      0x080009af   Thumb Code    32  _printf_char_common.o(.text)
    _sputc                                   0x080009d5   Thumb Code    10  _sputc.o(.text)
    _printf_cs_common                        0x080009df   Thumb Code    20  _printf_char.o(.text)
    _printf_char                             0x080009f3   Thumb Code    16  _printf_char.o(.text)
    _printf_string                           0x08000a03   Thumb Code     8  _printf_char.o(.text)
    _printf_char_file                        0x08000a0d   Thumb Code    32  _printf_char_file.o(.text)
    __aeabi_memclr4                          0x08000a31   Thumb Code     0  rt_memclr_w.o(.text)
    __aeabi_memclr8                          0x08000a31   Thumb Code     0  rt_memclr_w.o(.text)
    __rt_memclr_w                            0x08000a31   Thumb Code    78  rt_memclr_w.o(.text)
    _memset_w                                0x08000a35   Thumb Code     0  rt_memclr_w.o(.text)
    __rt_locale                              0x08000a81   Thumb Code     8  rt_locale_intlibspace.o(.text)
    _ll_udiv10                               0x08000a89   Thumb Code   138  lludiv10.o(.text)
    _printf_fp_infnan                        0x08000b15   Thumb Code   112  _printf_fp_infnan.o(.text)
    _btod_etento                             0x08000b95   Thumb Code   216  bigflt0.o(.text)
    ferror                                   0x08000c71   Thumb Code     8  ferror.o(.text)
    _initio                                  0x08000c79   Thumb Code   210  initio.o(.text)
    _terminateio                             0x08000d4b   Thumb Code    56  initio.o(.text)
    _sys_open                                0x08000db1   Thumb Code    20  sys_io.o(.text)
    _sys_close                               0x08000dc5   Thumb Code    12  sys_io.o(.text)
    _sys_write                               0x08000dd1   Thumb Code    16  sys_io.o(.text)
    _sys_read                                0x08000de1   Thumb Code    14  sys_io.o(.text)
    _sys_istty                               0x08000def   Thumb Code    12  sys_io.o(.text)
    _sys_seek                                0x08000dfb   Thumb Code    14  sys_io.o(.text)
    _sys_ensure                              0x08000e09   Thumb Code     2  sys_io.o(.text)
    _sys_flen                                0x08000e0b   Thumb Code    12  sys_io.o(.text)
    __user_libspace                          0x08000e19   Thumb Code     8  libspace.o(.text)
    __user_perproc_libspace                  0x08000e19   Thumb Code     0  libspace.o(.text)
    __user_perthread_libspace                0x08000e19   Thumb Code     0  libspace.o(.text)
    __user_setup_stackheap                   0x08000e21   Thumb Code    74  sys_stackheap_outer.o(.text)
    free                                     0x08000e6b   Thumb Code    78  h1_free.o(.text)
    __flsbuf                                 0x08000eb9   Thumb Code   470  flsbuf.o(.text)
    __flsbuf_byte                            0x08000eb9   Thumb Code     0  flsbuf.o(.text)
    __flsbuf_wide                            0x08000eb9   Thumb Code     0  flsbuf.o(.text)
    setvbuf                                  0x0800108f   Thumb Code    70  setvbuf.o(.text)
    freopen                                  0x080010d5   Thumb Code   158  fopen.o(.text)
    fopen                                    0x08001173   Thumb Code    74  fopen.o(.text)
    _fclose_internal                         0x080011c1   Thumb Code    76  fclose.o(.text)
    fclose                                   0x080011c1   Thumb Code     0  fclose.o(.text)
    exit                                     0x0800120d   Thumb Code    12  exit.o(.text)
    __rt_SIGRTRED                            0x08001219   Thumb Code    14  defsig_rtred_outer.o(.text)
    strcmp                                   0x08001229   Thumb Code   128  strcmpv7m.o(.text)
    __I$use$semihosting                      0x080012a9   Thumb Code     0  use_no_semi.o(.text)
    __use_no_semihosting_swi                 0x080012a9   Thumb Code     2  use_no_semi.o(.text)
    __semihosting_library_function           0x080012ab   Thumb Code     0  indicate_semi.o(.text)
    __rt_heap_descriptor                     0x080012ad   Thumb Code     8  rt_heap_descriptor_intlibspace.o(.text)
    __use_no_heap                            0x080012b5   Thumb Code     2  hguard.o(.text)
    __heap$guard                             0x080012b7   Thumb Code     2  hguard.o(.text)
    _terminate_user_alloc                    0x080012b9   Thumb Code     2  init_alloc.o(.text)
    _init_user_alloc                         0x080012bb   Thumb Code     2  init_alloc.o(.text)
    __Heap_Full                              0x080012bd   Thumb Code    34  init_alloc.o(.text)
    __Heap_Broken                            0x080012df   Thumb Code     6  init_alloc.o(.text)
    _init_alloc                              0x080012e5   Thumb Code    94  init_alloc.o(.text)
    malloc                                   0x08001343   Thumb Code    94  h1_alloc.o(.text)
    _fseek                                   0x080013a1   Thumb Code   242  fseek.o(.text)
    fseek                                    0x080013a1   Thumb Code     0  fseek.o(.text)
    _seterr                                  0x08001499   Thumb Code    20  stdio.o(.text)
    _writebuf                                0x080014ad   Thumb Code    84  stdio.o(.text)
    _fflush                                  0x08001501   Thumb Code    70  stdio.o(.text)
    _deferredlazyseek                        0x08001547   Thumb Code    60  stdio.o(.text)
    __sig_exit                               0x08001589   Thumb Code    10  defsig_exit.o(.text)
    __rt_SIGRTRED_inner                      0x08001595   Thumb Code    14  defsig_rtred_inner.o(.text)
    strlen                                   0x080015c9   Thumb Code    62  strlen.o(.text)
    _sys_exit                                0x08001609   Thumb Code     8  sys_exit.o(.text)
    __Heap_Initialize                        0x08001615   Thumb Code    10  h1_init.o(.text)
    __Heap_DescSize                          0x0800161f   Thumb Code     4  h1_init.o(.text)
    __Heap_ProvideMemory                     0x08001623   Thumb Code    52  h1_extend.o(.text)
    _ftell_internal                          0x08001657   Thumb Code    66  ftell.o(.text)
    ftell                                    0x08001657   Thumb Code     0  ftell.o(.text)
    __default_signal_display                 0x08001699   Thumb Code    50  defsig_general.o(.text)
    __rt_SIGRTMEM                            0x080016cb   Thumb Code    14  defsig_rtmem_outer.o(.text)
    _ttywrch                                 0x080016d9   Thumb Code    14  sys_wrch.o(.text)
    __aeabi_errno_addr                       0x080016e9   Thumb Code     8  rt_errno_addr_intlibspace.o(.text)
    __errno$intlibspace                      0x080016e9   Thumb Code     0  rt_errno_addr_intlibspace.o(.text)
    __rt_errno_addr$intlibspace              0x080016e9   Thumb Code     0  rt_errno_addr_intlibspace.o(.text)
    __rt_SIGRTMEM_inner                      0x080016f1   Thumb Code    22  defsig_rtmem_inner.o(.text)
    _btod_d2e                                0x08001741   Thumb Code    62  btod.o(CL$$btod_d2e)
    _d2e_denorm_low                          0x0800177f   Thumb Code    70  btod.o(CL$$btod_d2e_denorm_low)
    _d2e_norm_op1                            0x080017c5   Thumb Code    96  btod.o(CL$$btod_d2e_norm_op1)
    __btod_div_common                        0x08001825   Thumb Code   696  btod.o(CL$$btod_div_common)
    _e2e                                     0x08001b5d   Thumb Code   198  btod.o(CL$$btod_e2e)
    _btod_ediv                               0x08001c23   Thumb Code    40  btod.o(CL$$btod_ediv)
    _btod_emul                               0x08001c4b   Thumb Code    40  btod.o(CL$$btod_emul)
    __btod_mult_common                       0x08001c73   Thumb Code   580  btod.o(CL$$btod_mult_common)
    BusFault_Handler                         0x08001eb7   Thumb Code     4  stm32f10x_it.o(i.BusFault_Handler)
    DS18B20_GPIO_Init                        0x08001ebd   Thumb Code    50  ds18b20.o(i.DS18B20_GPIO_Init)
    DS18B20_Init                             0x08001ef5   Thumb Code   170  ds18b20.o(i.DS18B20_Init)
    DS18B20_ReadByte                         0x08001fa5   Thumb Code   124  ds18b20.o(i.DS18B20_ReadByte)
    DS18B20_WriteByte                        0x08002025   Thumb Code   122  ds18b20.o(i.DS18B20_WriteByte)
    DebugMon_Handler                         0x080020a5   Thumb Code     2  stm32f10x_it.o(i.DebugMon_Handler)
    GPIO_Init                                0x080020a7   Thumb Code   278  stm32f10x_gpio.o(i.GPIO_Init)
    GPIO_PinRemapConfig                      0x080021bd   Thumb Code   138  stm32f10x_gpio.o(i.GPIO_PinRemapConfig)
    GPIO_ReadInputDataBit                    0x0800224d   Thumb Code    18  stm32f10x_gpio.o(i.GPIO_ReadInputDataBit)
    GPIO_ReadOutputData                      0x0800225f   Thumb Code     8  stm32f10x_gpio.o(i.GPIO_ReadOutputData)
    GPIO_ResetBits                           0x08002267   Thumb Code     4  stm32f10x_gpio.o(i.GPIO_ResetBits)
    GPIO_SetBits                             0x0800226b   Thumb Code     4  stm32f10x_gpio.o(i.GPIO_SetBits)
    GPIO_Write                               0x0800226f   Thumb Code     4  stm32f10x_gpio.o(i.GPIO_Write)
    Get_Average_Value                        0x08002273   Thumb Code   126  main.o(i.Get_Average_Value)
    Get_JFC103_Data                          0x080022f1   Thumb Code   372  main.o(i.Get_JFC103_Data)
    HardFault_Handler                        0x08002499   Thumb Code     4  stm32f10x_it.o(i.HardFault_Handler)
    KEY_GPIO_Init                            0x0800249d   Thumb Code    76  gpio.o(i.KEY_GPIO_Init)
    LCD_Clear                                0x080024f1   Thumb Code    16  lcd1602.o(i.LCD_Clear)
    LCD_Init                                 0x08002501   Thumb Code   150  lcd1602.o(i.LCD_Init)
    LCD_Write_Char                           0x080025a1   Thumb Code    40  lcd1602.o(i.LCD_Write_Char)
    LCD_Write_Com                            0x080025c9   Thumb Code    86  lcd1602.o(i.LCD_Write_Com)
    LCD_Write_Data                           0x0800262d   Thumb Code    84  lcd1602.o(i.LCD_Write_Data)
    LCD_Write_String                         0x0800268d   Thumb Code    50  lcd1602.o(i.LCD_Write_String)
    MemManage_Handler                        0x080026bf   Thumb Code     4  stm32f10x_it.o(i.MemManage_Handler)
    NMI_Handler                              0x080026c3   Thumb Code     2  stm32f10x_it.o(i.NMI_Handler)
    NVIC_Configuration                       0x080026c5   Thumb Code    12  sys.o(i.NVIC_Configuration)
    NVIC_Init                                0x080026d1   Thumb Code   100  misc.o(i.NVIC_Init)
    NVIC_PriorityGroupConfig                 0x08002741   Thumb Code    10  misc.o(i.NVIC_PriorityGroupConfig)
    PendSV_Handler                           0x08002755   Thumb Code     2  stm32f10x_it.o(i.PendSV_Handler)
    RCC_APB1PeriphClockCmd                   0x08002759   Thumb Code    26  stm32f10x_rcc.o(i.RCC_APB1PeriphClockCmd)
    RCC_APB1PeriphResetCmd                   0x08002779   Thumb Code    26  stm32f10x_rcc.o(i.RCC_APB1PeriphResetCmd)
    RCC_APB2PeriphClockCmd                   0x08002799   Thumb Code    26  stm32f10x_rcc.o(i.RCC_APB2PeriphClockCmd)
    RCC_APB2PeriphResetCmd                   0x080027b9   Thumb Code    26  stm32f10x_rcc.o(i.RCC_APB2PeriphResetCmd)
    RCC_GetClocksFreq                        0x080027d9   Thumb Code   192  stm32f10x_rcc.o(i.RCC_GetClocksFreq)
    ReadTemperature                          0x080028ad   Thumb Code    94  ds18b20.o(i.ReadTemperature)
    Reverse_Bit                              0x08002911   Thumb Code    40  lcd1602.o(i.Reverse_Bit)
    SVC_Handler                              0x08002939   Thumb Code     2  stm32f10x_it.o(i.SVC_Handler)
    SysTick_CLKSourceConfig                  0x08002a25   Thumb Code    40  misc.o(i.SysTick_CLKSourceConfig)
    SysTick_Handler                          0x08002a4d   Thumb Code     2  stm32f10x_it.o(i.SysTick_Handler)
    SystemInit                               0x08002a51   Thumb Code    78  system_stm32f10x.o(i.SystemInit)
    USART1_IRQHandler                        0x08002ab1   Thumb Code    70  usart1.o(i.USART1_IRQHandler)
    USART3_IRQHandler                        0x08002b09   Thumb Code    84  usart3.o(i.USART3_IRQHandler)
    USART3_Init                              0x08002b69   Thumb Code   164  usart3.o(i.USART3_Init)
    USART3_Sned_Char                         0x08002c15   Thumb Code    28  usart3.o(i.USART3_Sned_Char)
    USART_ClearFlag                          0x08002c35   Thumb Code    18  stm32f10x_usart.o(i.USART_ClearFlag)
    USART_ClearITPendingBit                  0x08002c47   Thumb Code    30  stm32f10x_usart.o(i.USART_ClearITPendingBit)
    USART_Cmd                                0x08002c65   Thumb Code    24  stm32f10x_usart.o(i.USART_Cmd)
    USART_DeInit                             0x08002c7d   Thumb Code   134  stm32f10x_usart.o(i.USART_DeInit)
    USART_GetFlagStatus                      0x08002d19   Thumb Code    26  stm32f10x_usart.o(i.USART_GetFlagStatus)
    USART_GetITStatus                        0x08002d33   Thumb Code    84  stm32f10x_usart.o(i.USART_GetITStatus)
    USART_ITConfig                           0x08002d87   Thumb Code    74  stm32f10x_usart.o(i.USART_ITConfig)
    USART_Init                               0x08002dd1   Thumb Code   210  stm32f10x_usart.o(i.USART_Init)
    USART_ReceiveData                        0x08002ea9   Thumb Code    10  stm32f10x_usart.o(i.USART_ReceiveData)
    USART_SendData                           0x08002eb3   Thumb Code     8  stm32f10x_usart.o(i.USART_SendData)
    Uart3_SendStr                            0x08002ebb   Thumb Code    22  usart3.o(i.Uart3_SendStr)
    UsageFault_Handler                       0x08002ed1   Thumb Code     4  stm32f10x_it.o(i.UsageFault_Handler)
    __ARM_fpclassify                         0x08002ed5   Thumb Code    40  fpclassify.o(i.__ARM_fpclassify)
    _is_digit                                0x08002efd   Thumb Code    14  __printf_wp.o(i._is_digit)
    delay_init                               0x08002f0d   Thumb Code    50  delay.o(i.delay_init)
    delay_ms                                 0x08002f51   Thumb Code    72  delay.o(i.delay_ms)
    delay_us                                 0x08002f9d   Thumb Code    72  delay.o(i.delay_us)
    displaySetValue                          0x08002fe9   Thumb Code   460  main.o(i.displaySetValue)
    fputc                                    0x080031fd   Thumb Code    26  fputc.o(i.fputc)
    keyscan                                  0x08003219   Thumb Code  1304  main.o(i.keyscan)
    main                                     0x08003745   Thumb Code   638  main.o(i.main)
    uart1_Init                               0x08003a61   Thumb Code   170  usart1.o(i.uart1_Init)
    _get_lc_numeric                          0x08003b15   Thumb Code    44  lc_numeric_c.o(locale$$code)
    __aeabi_d2f                              0x08003b41   Thumb Code     0  d2f.o(x$fpl$d2f)
    _d2f                                     0x08003b41   Thumb Code    98  d2f.o(x$fpl$d2f)
    __aeabi_dadd                             0x08003ba5   Thumb Code     0  daddsub_clz.o(x$fpl$dadd)
    _dadd                                    0x08003ba5   Thumb Code   332  daddsub_clz.o(x$fpl$dadd)
    __fpl_dcmp_Inf                           0x08003cf5   Thumb Code    24  dcmpi.o(x$fpl$dcmpinf)
    __aeabi_i2d                              0x08003d0d   Thumb Code     0  dflt_clz.o(x$fpl$dflt)
    _dflt                                    0x08003d0d   Thumb Code    46  dflt_clz.o(x$fpl$dflt)
    __aeabi_cdcmple                          0x08003d3d   Thumb Code     0  dleqf.o(x$fpl$dleqf)
    _dcmple                                  0x08003d3d   Thumb Code   120  dleqf.o(x$fpl$dleqf)
    __fpl_dcmple_InfNaN                      0x08003d9f   Thumb Code     0  dleqf.o(x$fpl$dleqf)
    __aeabi_dmul                             0x08003db5   Thumb Code     0  dmul.o(x$fpl$dmul)
    _dmul                                    0x08003db5   Thumb Code   332  dmul.o(x$fpl$dmul)
    __fpl_dnaninf                            0x08003f09   Thumb Code   156  dnaninf.o(x$fpl$dnaninf)
    __fpl_dretinf                            0x08003fa5   Thumb Code    12  dretinf.o(x$fpl$dretinf)
    __aeabi_cdrcmple                         0x08003fb1   Thumb Code     0  drleqf.o(x$fpl$drleqf)
    _drcmple                                 0x08003fb1   Thumb Code   108  drleqf.o(x$fpl$drleqf)
    __aeabi_dsub                             0x0800401d   Thumb Code     0  daddsub_clz.o(x$fpl$dsub)
    _dsub                                    0x0800401d   Thumb Code   464  daddsub_clz.o(x$fpl$dsub)
    __aeabi_f2d                              0x080041f1   Thumb Code     0  f2d.o(x$fpl$f2d)
    _f2d                                     0x080041f1   Thumb Code    86  f2d.o(x$fpl$f2d)
    __fpl_fcmp_Inf                           0x08004247   Thumb Code    24  fcmpi.o(x$fpl$fcmpinf)
    __aeabi_cfcmple                          0x08004261   Thumb Code     0  fleqf.o(x$fpl$fleqf)
    _fcmple                                  0x08004261   Thumb Code   104  fleqf.o(x$fpl$fleqf)
    __fpl_fcmple_InfNaN                      0x080042b3   Thumb Code     0  fleqf.o(x$fpl$fleqf)
    __fpl_fnaninf                            0x080042c9   Thumb Code   140  fnaninf.o(x$fpl$fnaninf)
    __fpl_fretinf                            0x08004355   Thumb Code    10  fretinf.o(x$fpl$fretinf)
    __aeabi_cfrcmple                         0x0800435f   Thumb Code     0  frleqf.o(x$fpl$frleqf)
    _frcmple                                 0x0800435f   Thumb Code    98  frleqf.o(x$fpl$frleqf)
    _printf_fp_dec                           0x080043c1   Thumb Code     4  printf1.o(x$fpl$printf1)
    __I$use$fp                               0x080043c4   Number         0  usenofp.o(x$fpl$usenofp)
    __stdin_name                             0x0800446c   Data           4  sys_io.o(.constdata)
    __stdout_name                            0x08004470   Data           4  sys_io.o(.constdata)
    __stderr_name                            0x08004474   Data           4  sys_io.o(.constdata)
    Region$$Table$$Base                      0x080044bc   Number         0  anon$$obj.o(Region$$Table)
    Region$$Table$$Limit                     0x080044dc   Number         0  anon$$obj.o(Region$$Table)
    heartrate                                0x20000014   Data           1  main.o(.data)
    heartrate_min                            0x20000015   Data           1  main.o(.data)
    heartrate_max                            0x20000016   Data           1  main.o(.data)
    SBP                                      0x20000017   Data           1  main.o(.data)
    DBP                                      0x20000018   Data           1  main.o(.data)
    SBP_Max                                  0x20000019   Data           1  main.o(.data)
    DBP_Max                                  0x2000001a   Data           1  main.o(.data)
    SBP_Min                                  0x2000001b   Data           1  main.o(.data)
    DBP_Min                                  0x2000001c   Data           1  main.o(.data)
    temperature                              0x20000020   Data           4  main.o(.data)
    temperature_min                          0x20000024   Data           4  main.o(.data)
    temperature_max                          0x20000028   Data           4  main.o(.data)
    setn                                     0x2000002c   Data           1  main.o(.data)
    sendFlag                                 0x2000002d   Data           1  main.o(.data)
    sbp_sumdat                               0x20000030   Data           4  main.o(.data)
    dbp_sumdat                               0x20000034   Data           4  main.o(.data)
    SystemCoreClock                          0x2000003c   Data           4  system_stm32f10x.o(.data)
    AHBPrescTable                            0x20000040   Data          16  system_stm32f10x.o(.data)
    RxCounter                                0x20000054   Data           4  usart1.o(.data)
    USART_RX_FLAG                            0x20000058   Data           1  usart1.o(.data)
    Rx3Counter                               0x2000005c   Data           4  usart3.o(.data)
    __aeabi_stdin                            0x20000060   Data           4  stdio_streams.o(.data)
    __aeabi_stdout                           0x20000064   Data           4  stdio_streams.o(.data)
    __aeabi_stderr                           0x20000068   Data           4  stdio_streams.o(.data)
    display                                  0x2000006c   Data          16  main.o(.bss)
    sbp_buf                                  0x2000007c   Data          32  main.o(.bss)
    dbp_buf                                  0x2000009c   Data          32  main.o(.bss)
    Usart1RecBuf                             0x200000bc   Data          88  usart1.o(.bss)
    Usart3RecBuf                             0x20000114   Data         200  usart3.o(.bss)
    __stdin                                  0x200001dc   Data          84  stdio_streams.o(.bss)
    __stdout                                 0x20000230   Data          84  stdio_streams.o(.bss)
    __stderr                                 0x20000284   Data          84  stdio_streams.o(.bss)
    __libspace_start                         0x200002d8   Data          96  libspace.o(.bss)
    __temporary_stack_top$libspace           0x20000338   Data           0  libspace.o(.bss)



==============================================================================

Memory Map of the image

  Image Entry point : 0x080000ed

  Load Region LR_IROM1 (Base: 0x08000000, Size: 0x00004564, Max: 0x00010000, ABSOLUTE)

    Execution Region ER_IROM1 (Exec base: 0x08000000, Load base: 0x08000000, Size: 0x000044f8, Max: 0x00010000, ABSOLUTE)

    Exec Addr    Load Addr    Size         Type   Attr      Idx    E Section Name        Object

    0x08000000   0x08000000   0x000000ec   Data   RO           19    RESET               startup_stm32f10x_md.o
    0x080000ec   0x080000ec   0x00000008   Code   RO         1973  * !!!main             c_w.l(__main.o)
    0x080000f4   0x080000f4   0x00000034   Code   RO         2413    !!!scatter          c_w.l(__scatter.o)
    0x08000128   0x08000128   0x0000001a   Code   RO         2415    !!handler_copy      c_w.l(__scatter_copy.o)
    0x08000142   0x08000142   0x00000002   PAD
    0x08000144   0x08000144   0x0000001c   Code   RO         2417    !!handler_zi        c_w.l(__scatter_zi.o)
    0x08000160   0x08000160   0x00000000   Code   RO         1968    .ARM.Collect$$_printf_percent$$00000000  c_w.l(_printf_percent.o)
    0x08000160   0x08000160   0x00000006   Code   RO         1967    .ARM.Collect$$_printf_percent$$00000003  c_w.l(_printf_f.o)
    0x08000166   0x08000166   0x00000006   Code   RO         1966    .ARM.Collect$$_printf_percent$$00000009  c_w.l(_printf_d.o)
    0x0800016c   0x0800016c   0x00000006   Code   RO         1965    .ARM.Collect$$_printf_percent$$00000013  c_w.l(_printf_c.o)
    0x08000172   0x08000172   0x00000004   Code   RO         2016    .ARM.Collect$$_printf_percent$$00000017  c_w.l(_printf_percent_end.o)
    0x08000176   0x08000176   0x00000002   Code   RO         2204    .ARM.Collect$$libinit$$00000000  c_w.l(libinit.o)
    0x08000178   0x08000178   0x00000000   Code   RO         2206    .ARM.Collect$$libinit$$00000002  c_w.l(libinit2.o)
    0x08000178   0x08000178   0x00000000   Code   RO         2208    .ARM.Collect$$libinit$$00000004  c_w.l(libinit2.o)
    0x08000178   0x08000178   0x00000008   Code   RO         2209    .ARM.Collect$$libinit$$00000005  c_w.l(libinit2.o)
    0x08000180   0x08000180   0x00000000   Code   RO         2211    .ARM.Collect$$libinit$$0000000A  c_w.l(libinit2.o)
    0x08000180   0x08000180   0x00000000   Code   RO         2213    .ARM.Collect$$libinit$$0000000C  c_w.l(libinit2.o)
    0x08000180   0x08000180   0x00000000   Code   RO         2215    .ARM.Collect$$libinit$$0000000E  c_w.l(libinit2.o)
    0x08000180   0x08000180   0x00000006   Code   RO         2216    .ARM.Collect$$libinit$$0000000F  c_w.l(libinit2.o)
    0x08000186   0x08000186   0x00000000   Code   RO         2218    .ARM.Collect$$libinit$$00000011  c_w.l(libinit2.o)
    0x08000186   0x08000186   0x00000000   Code   RO         2220    .ARM.Collect$$libinit$$00000013  c_w.l(libinit2.o)
    0x08000186   0x08000186   0x00000000   Code   RO         2222    .ARM.Collect$$libinit$$00000015  c_w.l(libinit2.o)
    0x08000186   0x08000186   0x0000000a   Code   RO         2223    .ARM.Collect$$libinit$$00000016  c_w.l(libinit2.o)
    0x08000190   0x08000190   0x00000000   Code   RO         2224    .ARM.Collect$$libinit$$00000017  c_w.l(libinit2.o)
    0x08000190   0x08000190   0x00000000   Code   RO         2226    .ARM.Collect$$libinit$$00000019  c_w.l(libinit2.o)
    0x08000190   0x08000190   0x00000000   Code   RO         2228    .ARM.Collect$$libinit$$0000001B  c_w.l(libinit2.o)
    0x08000190   0x08000190   0x00000000   Code   RO         2230    .ARM.Collect$$libinit$$0000001D  c_w.l(libinit2.o)
    0x08000190   0x08000190   0x00000000   Code   RO         2232    .ARM.Collect$$libinit$$0000001F  c_w.l(libinit2.o)
    0x08000190   0x08000190   0x00000000   Code   RO         2234    .ARM.Collect$$libinit$$00000021  c_w.l(libinit2.o)
    0x08000190   0x08000190   0x00000000   Code   RO         2236    .ARM.Collect$$libinit$$00000023  c_w.l(libinit2.o)
    0x08000190   0x08000190   0x00000004   Code   RO         2237    .ARM.Collect$$libinit$$00000024  c_w.l(libinit2.o)
    0x08000194   0x08000194   0x00000000   Code   RO         2238    .ARM.Collect$$libinit$$00000025  c_w.l(libinit2.o)
    0x08000194   0x08000194   0x00000000   Code   RO         2242    .ARM.Collect$$libinit$$0000002C  c_w.l(libinit2.o)
    0x08000194   0x08000194   0x00000000   Code   RO         2244    .ARM.Collect$$libinit$$0000002E  c_w.l(libinit2.o)
    0x08000194   0x08000194   0x00000000   Code   RO         2246    .ARM.Collect$$libinit$$00000030  c_w.l(libinit2.o)
    0x08000194   0x08000194   0x00000000   Code   RO         2248    .ARM.Collect$$libinit$$00000032  c_w.l(libinit2.o)
    0x08000194   0x08000194   0x00000002   Code   RO         2249    .ARM.Collect$$libinit$$00000033  c_w.l(libinit2.o)
    0x08000196   0x08000196   0x00000002   Code   RO         2392    .ARM.Collect$$libshutdown$$00000000  c_w.l(libshutdown.o)
    0x08000198   0x08000198   0x00000004   Code   RO         2251    .ARM.Collect$$libshutdown$$00000002  c_w.l(libshutdown2.o)
    0x0800019c   0x0800019c   0x00000000   Code   RO         2252    .ARM.Collect$$libshutdown$$00000003  c_w.l(libshutdown2.o)
    0x0800019c   0x0800019c   0x00000000   Code   RO         2255    .ARM.Collect$$libshutdown$$00000006  c_w.l(libshutdown2.o)
    0x0800019c   0x0800019c   0x00000000   Code   RO         2258    .ARM.Collect$$libshutdown$$00000009  c_w.l(libshutdown2.o)
    0x0800019c   0x0800019c   0x00000000   Code   RO         2260    .ARM.Collect$$libshutdown$$0000000B  c_w.l(libshutdown2.o)
    0x0800019c   0x0800019c   0x00000000   Code   RO         2263    .ARM.Collect$$libshutdown$$0000000E  c_w.l(libshutdown2.o)
    0x0800019c   0x0800019c   0x00000002   Code   RO         2264    .ARM.Collect$$libshutdown$$0000000F  c_w.l(libshutdown2.o)
    0x0800019e   0x0800019e   0x00000000   Code   RO         2003    .ARM.Collect$$rtentry$$00000000  c_w.l(__rtentry.o)
    0x0800019e   0x0800019e   0x00000000   Code   RO         2039    .ARM.Collect$$rtentry$$00000002  c_w.l(__rtentry2.o)
    0x0800019e   0x0800019e   0x00000006   Code   RO         2051    .ARM.Collect$$rtentry$$00000004  c_w.l(__rtentry4.o)
    0x080001a4   0x080001a4   0x00000000   Code   RO         2041    .ARM.Collect$$rtentry$$00000009  c_w.l(__rtentry2.o)
    0x080001a4   0x080001a4   0x00000004   Code   RO         2042    .ARM.Collect$$rtentry$$0000000A  c_w.l(__rtentry2.o)
    0x080001a8   0x080001a8   0x00000000   Code   RO         2044    .ARM.Collect$$rtentry$$0000000C  c_w.l(__rtentry2.o)
    0x080001a8   0x080001a8   0x00000008   Code   RO         2045    .ARM.Collect$$rtentry$$0000000D  c_w.l(__rtentry2.o)
    0x080001b0   0x080001b0   0x00000002   Code   RO         2270    .ARM.Collect$$rtexit$$00000000  c_w.l(rtexit.o)
    0x080001b2   0x080001b2   0x00000000   Code   RO         2328    .ARM.Collect$$rtexit$$00000002  c_w.l(rtexit2.o)
    0x080001b2   0x080001b2   0x00000004   Code   RO         2329    .ARM.Collect$$rtexit$$00000003  c_w.l(rtexit2.o)
    0x080001b6   0x080001b6   0x00000006   Code   RO         2330    .ARM.Collect$$rtexit$$00000004  c_w.l(rtexit2.o)
    0x080001bc   0x080001bc   0x00000000   Code   RO         2334    .emb_text           c_w.l(maybetermalloc1.o)
    0x080001bc   0x080001bc   0x00000040   Code   RO           20    .text               startup_stm32f10x_md.o
    0x080001fc   0x080001fc   0x00000018   Code   RO         1933    .text               c_w.l(noretval__2printf.o)
    0x08000214   0x08000214   0x00000028   Code   RO         1935    .text               c_w.l(noretval__2sprintf.o)
    0x0800023c   0x0800023c   0x0000004e   Code   RO         1939    .text               c_w.l(_printf_pad.o)
    0x0800028a   0x0800028a   0x00000052   Code   RO         1941    .text               c_w.l(_printf_str.o)
    0x080002dc   0x080002dc   0x00000078   Code   RO         1943    .text               c_w.l(_printf_dec.o)
    0x08000354   0x08000354   0x00000138   Code   RO         1957    .text               c_w.l(__printf_flags_wp.o)
    0x0800048c   0x0800048c   0x00000044   Code   RO         1969    .text               c_w.l(rt_memclr.o)
    0x080004d0   0x080004d0   0x00000006   Code   RO         1971    .text               c_w.l(heapauxi.o)
    0x080004d6   0x080004d6   0x000000b2   Code   RO         2004    .text               c_w.l(_printf_intcommon.o)
    0x08000588   0x08000588   0x0000041a   Code   RO         2006    .text               c_w.l(_printf_fp_dec.o)
    0x080009a2   0x080009a2   0x00000002   PAD
    0x080009a4   0x080009a4   0x00000030   Code   RO         2008    .text               c_w.l(_printf_char_common.o)
    0x080009d4   0x080009d4   0x0000000a   Code   RO         2010    .text               c_w.l(_sputc.o)
    0x080009de   0x080009de   0x0000002c   Code   RO         2012    .text               c_w.l(_printf_char.o)
    0x08000a0a   0x08000a0a   0x00000002   PAD
    0x08000a0c   0x08000a0c   0x00000024   Code   RO         2014    .text               c_w.l(_printf_char_file.o)
    0x08000a30   0x08000a30   0x0000004e   Code   RO         2023    .text               c_w.l(rt_memclr_w.o)
    0x08000a7e   0x08000a7e   0x00000002   PAD
    0x08000a80   0x08000a80   0x00000008   Code   RO         2056    .text               c_w.l(rt_locale_intlibspace.o)
    0x08000a88   0x08000a88   0x0000008a   Code   RO         2058    .text               c_w.l(lludiv10.o)
    0x08000b12   0x08000b12   0x00000002   PAD
    0x08000b14   0x08000b14   0x00000080   Code   RO         2060    .text               c_w.l(_printf_fp_infnan.o)
    0x08000b94   0x08000b94   0x000000dc   Code   RO         2064    .text               c_w.l(bigflt0.o)
    0x08000c70   0x08000c70   0x00000008   Code   RO         2089    .text               c_w.l(ferror.o)
    0x08000c78   0x08000c78   0x00000138   Code   RO         2095    .text               c_w.l(initio.o)
    0x08000db0   0x08000db0   0x00000066   Code   RO         2110    .text               c_w.l(sys_io.o)
    0x08000e16   0x08000e16   0x00000002   PAD
    0x08000e18   0x08000e18   0x00000008   Code   RO         2115    .text               c_w.l(libspace.o)
    0x08000e20   0x08000e20   0x0000004a   Code   RO         2120    .text               c_w.l(sys_stackheap_outer.o)
    0x08000e6a   0x08000e6a   0x0000004e   Code   RO         2124    .text               c_w.l(h1_free.o)
    0x08000eb8   0x08000eb8   0x000001d6   Code   RO         2178    .text               c_w.l(flsbuf.o)
    0x0800108e   0x0800108e   0x00000046   Code   RO         2180    .text               c_w.l(setvbuf.o)
    0x080010d4   0x080010d4   0x000000ec   Code   RO         2183    .text               c_w.l(fopen.o)
    0x080011c0   0x080011c0   0x0000004c   Code   RO         2185    .text               c_w.l(fclose.o)
    0x0800120c   0x0800120c   0x0000000c   Code   RO         2191    .text               c_w.l(exit.o)
    0x08001218   0x08001218   0x0000000e   Code   RO         2193    .text               c_w.l(defsig_rtred_outer.o)
    0x08001226   0x08001226   0x00000002   PAD
    0x08001228   0x08001228   0x00000080   Code   RO         2197    .text               c_w.l(strcmpv7m.o)
    0x080012a8   0x080012a8   0x00000002   Code   RO         2267    .text               c_w.l(use_no_semi.o)
    0x080012aa   0x080012aa   0x00000000   Code   RO         2269    .text               c_w.l(indicate_semi.o)
    0x080012aa   0x080012aa   0x00000002   PAD
    0x080012ac   0x080012ac   0x00000008   Code   RO         2277    .text               c_w.l(rt_heap_descriptor_intlibspace.o)
    0x080012b4   0x080012b4   0x00000004   Code   RO         2279    .text               c_w.l(hguard.o)
    0x080012b8   0x080012b8   0x0000008a   Code   RO         2281    .text               c_w.l(init_alloc.o)
    0x08001342   0x08001342   0x0000005e   Code   RO         2287    .text               c_w.l(h1_alloc.o)
    0x080013a0   0x080013a0   0x000000f8   Code   RO         2303    .text               c_w.l(fseek.o)
    0x08001498   0x08001498   0x000000f0   Code   RO         2305    .text               c_w.l(stdio.o)
    0x08001588   0x08001588   0x0000000a   Code   RO         2311    .text               c_w.l(defsig_exit.o)
    0x08001592   0x08001592   0x00000002   PAD
    0x08001594   0x08001594   0x00000034   Code   RO         2313    .text               c_w.l(defsig_rtred_inner.o)
    0x080015c8   0x080015c8   0x0000003e   Code   RO         2317    .text               c_w.l(strlen.o)
    0x08001606   0x08001606   0x00000002   PAD
    0x08001608   0x08001608   0x0000000c   Code   RO         2325    .text               c_w.l(sys_exit.o)
    0x08001614   0x08001614   0x0000000e   Code   RO         2336    .text               c_w.l(h1_init.o)
    0x08001622   0x08001622   0x00000034   Code   RO         2338    .text               c_w.l(h1_extend.o)
    0x08001656   0x08001656   0x00000042   Code   RO         2348    .text               c_w.l(ftell.o)
    0x08001698   0x08001698   0x00000032   Code   RO         2356    .text               c_w.l(defsig_general.o)
    0x080016ca   0x080016ca   0x0000000e   Code   RO         2358    .text               c_w.l(defsig_rtmem_outer.o)
    0x080016d8   0x080016d8   0x0000000e   Code   RO         2373    .text               c_w.l(sys_wrch.o)
    0x080016e6   0x080016e6   0x00000002   PAD
    0x080016e8   0x080016e8   0x00000008   Code   RO         2380    .text               c_w.l(rt_errno_addr_intlibspace.o)
    0x080016f0   0x080016f0   0x00000050   Code   RO         2386    .text               c_w.l(defsig_rtmem_inner.o)
    0x08001740   0x08001740   0x0000003e   Code   RO         2067    CL$$btod_d2e        c_w.l(btod.o)
    0x0800177e   0x0800177e   0x00000046   Code   RO         2069    CL$$btod_d2e_denorm_low  c_w.l(btod.o)
    0x080017c4   0x080017c4   0x00000060   Code   RO         2068    CL$$btod_d2e_norm_op1  c_w.l(btod.o)
    0x08001824   0x08001824   0x00000338   Code   RO         2077    CL$$btod_div_common  c_w.l(btod.o)
    0x08001b5c   0x08001b5c   0x000000c6   Code   RO         2074    CL$$btod_e2e        c_w.l(btod.o)
    0x08001c22   0x08001c22   0x00000028   Code   RO         2071    CL$$btod_ediv       c_w.l(btod.o)
    0x08001c4a   0x08001c4a   0x00000028   Code   RO         2070    CL$$btod_emul       c_w.l(btod.o)
    0x08001c72   0x08001c72   0x00000244   Code   RO         2076    CL$$btod_mult_common  c_w.l(btod.o)
    0x08001eb6   0x08001eb6   0x00000004   Code   RO         1682    i.BusFault_Handler  stm32f10x_it.o
    0x08001eba   0x08001eba   0x00000002   PAD
    0x08001ebc   0x08001ebc   0x00000038   Code   RO         1581    i.DS18B20_GPIO_Init  ds18b20.o
    0x08001ef4   0x08001ef4   0x000000b0   Code   RO         1582    i.DS18B20_Init      ds18b20.o
    0x08001fa4   0x08001fa4   0x00000080   Code   RO         1583    i.DS18B20_ReadByte  ds18b20.o
    0x08002024   0x08002024   0x00000080   Code   RO         1584    i.DS18B20_WriteByte  ds18b20.o
    0x080020a4   0x080020a4   0x00000002   Code   RO         1683    i.DebugMon_Handler  stm32f10x_it.o
    0x080020a6   0x080020a6   0x00000116   Code   RO          380    i.GPIO_Init         stm32f10x_gpio.o
    0x080021bc   0x080021bc   0x00000090   Code   RO          382    i.GPIO_PinRemapConfig  stm32f10x_gpio.o
    0x0800224c   0x0800224c   0x00000012   Code   RO          384    i.GPIO_ReadInputDataBit  stm32f10x_gpio.o
    0x0800225e   0x0800225e   0x00000008   Code   RO          385    i.GPIO_ReadOutputData  stm32f10x_gpio.o
    0x08002266   0x08002266   0x00000004   Code   RO          387    i.GPIO_ResetBits    stm32f10x_gpio.o
    0x0800226a   0x0800226a   0x00000004   Code   RO          388    i.GPIO_SetBits      stm32f10x_gpio.o
    0x0800226e   0x0800226e   0x00000004   Code   RO          390    i.GPIO_Write        stm32f10x_gpio.o
    0x08002272   0x08002272   0x0000007e   Code   RO         1620    i.Get_Average_Value  main.o
    0x080022f0   0x080022f0   0x000001a8   Code   RO         1621    i.Get_JFC103_Data   main.o
    0x08002498   0x08002498   0x00000004   Code   RO         1684    i.HardFault_Handler  stm32f10x_it.o
    0x0800249c   0x0800249c   0x00000054   Code   RO         1566    i.KEY_GPIO_Init     gpio.o
    0x080024f0   0x080024f0   0x00000010   Code   RO         1509    i.LCD_Clear         lcd1602.o
    0x08002500   0x08002500   0x000000a0   Code   RO         1510    i.LCD_Init          lcd1602.o
    0x080025a0   0x080025a0   0x00000028   Code   RO         1511    i.LCD_Write_Char    lcd1602.o
    0x080025c8   0x080025c8   0x00000064   Code   RO         1512    i.LCD_Write_Com     lcd1602.o
    0x0800262c   0x0800262c   0x00000060   Code   RO         1513    i.LCD_Write_Data    lcd1602.o
    0x0800268c   0x0800268c   0x00000032   Code   RO         1514    i.LCD_Write_String  lcd1602.o
    0x080026be   0x080026be   0x00000004   Code   RO         1685    i.MemManage_Handler  stm32f10x_it.o
    0x080026c2   0x080026c2   0x00000002   Code   RO         1686    i.NMI_Handler       stm32f10x_it.o
    0x080026c4   0x080026c4   0x0000000c   Code   RO         1828    i.NVIC_Configuration  sys.o
    0x080026d0   0x080026d0   0x00000070   Code   RO           24    i.NVIC_Init         misc.o
    0x08002740   0x08002740   0x00000014   Code   RO           25    i.NVIC_PriorityGroupConfig  misc.o
    0x08002754   0x08002754   0x00000002   Code   RO         1687    i.PendSV_Handler    stm32f10x_it.o
    0x08002756   0x08002756   0x00000002   PAD
    0x08002758   0x08002758   0x00000020   Code   RO          490    i.RCC_APB1PeriphClockCmd  stm32f10x_rcc.o
    0x08002778   0x08002778   0x00000020   Code   RO          491    i.RCC_APB1PeriphResetCmd  stm32f10x_rcc.o
    0x08002798   0x08002798   0x00000020   Code   RO          492    i.RCC_APB2PeriphClockCmd  stm32f10x_rcc.o
    0x080027b8   0x080027b8   0x00000020   Code   RO          493    i.RCC_APB2PeriphResetCmd  stm32f10x_rcc.o
    0x080027d8   0x080027d8   0x000000d4   Code   RO          500    i.RCC_GetClocksFreq  stm32f10x_rcc.o
    0x080028ac   0x080028ac   0x00000064   Code   RO         1585    i.ReadTemperature   ds18b20.o
    0x08002910   0x08002910   0x00000028   Code   RO         1515    i.Reverse_Bit       lcd1602.o
    0x08002938   0x08002938   0x00000002   Code   RO         1688    i.SVC_Handler       stm32f10x_it.o
    0x0800293a   0x0800293a   0x00000008   Code   RO         1765    i.SetSysClock       system_stm32f10x.o
    0x08002942   0x08002942   0x00000002   PAD
    0x08002944   0x08002944   0x000000e0   Code   RO         1766    i.SetSysClockTo72   system_stm32f10x.o
    0x08002a24   0x08002a24   0x00000028   Code   RO           28    i.SysTick_CLKSourceConfig  misc.o
    0x08002a4c   0x08002a4c   0x00000002   Code   RO         1689    i.SysTick_Handler   stm32f10x_it.o
    0x08002a4e   0x08002a4e   0x00000002   PAD
    0x08002a50   0x08002a50   0x00000060   Code   RO         1768    i.SystemInit        system_stm32f10x.o
    0x08002ab0   0x08002ab0   0x00000058   Code   RO         1843    i.USART1_IRQHandler  usart1.o
    0x08002b08   0x08002b08   0x00000060   Code   RO         1884    i.USART3_IRQHandler  usart3.o
    0x08002b68   0x08002b68   0x000000ac   Code   RO         1885    i.USART3_Init       usart3.o
    0x08002c14   0x08002c14   0x00000020   Code   RO         1886    i.USART3_Sned_Char  usart3.o
    0x08002c34   0x08002c34   0x00000012   Code   RO         1329    i.USART_ClearFlag   stm32f10x_usart.o
    0x08002c46   0x08002c46   0x0000001e   Code   RO         1330    i.USART_ClearITPendingBit  stm32f10x_usart.o
    0x08002c64   0x08002c64   0x00000018   Code   RO         1333    i.USART_Cmd         stm32f10x_usart.o
    0x08002c7c   0x08002c7c   0x0000009c   Code   RO         1335    i.USART_DeInit      stm32f10x_usart.o
    0x08002d18   0x08002d18   0x0000001a   Code   RO         1336    i.USART_GetFlagStatus  stm32f10x_usart.o
    0x08002d32   0x08002d32   0x00000054   Code   RO         1337    i.USART_GetITStatus  stm32f10x_usart.o
    0x08002d86   0x08002d86   0x0000004a   Code   RO         1339    i.USART_ITConfig    stm32f10x_usart.o
    0x08002dd0   0x08002dd0   0x000000d8   Code   RO         1340    i.USART_Init        stm32f10x_usart.o
    0x08002ea8   0x08002ea8   0x0000000a   Code   RO         1347    i.USART_ReceiveData  stm32f10x_usart.o
    0x08002eb2   0x08002eb2   0x00000008   Code   RO         1350    i.USART_SendData    stm32f10x_usart.o
    0x08002eba   0x08002eba   0x00000016   Code   RO         1887    i.Uart3_SendStr     usart3.o
    0x08002ed0   0x08002ed0   0x00000004   Code   RO         1690    i.UsageFault_Handler  stm32f10x_it.o
    0x08002ed4   0x08002ed4   0x00000028   Code   RO         2108    i.__ARM_fpclassify  m_ws.l(fpclassify.o)
    0x08002efc   0x08002efc   0x0000000e   Code   RO         1955    i._is_digit         c_w.l(__printf_wp.o)
    0x08002f0a   0x08002f0a   0x00000002   PAD
    0x08002f0c   0x08002f0c   0x00000044   Code   RO         1799    i.delay_init        delay.o
    0x08002f50   0x08002f50   0x0000004c   Code   RO         1800    i.delay_ms          delay.o
    0x08002f9c   0x08002f9c   0x0000004c   Code   RO         1801    i.delay_us          delay.o
    0x08002fe8   0x08002fe8   0x00000214   Code   RO         1622    i.displaySetValue   main.o
    0x080031fc   0x080031fc   0x0000001a   Code   RO         2092    i.fputc             c_w.l(fputc.o)
    0x08003216   0x08003216   0x00000002   PAD
    0x08003218   0x08003218   0x0000052c   Code   RO         1623    i.keyscan           main.o
    0x08003744   0x08003744   0x0000031c   Code   RO         1624    i.main              main.o
    0x08003a60   0x08003a60   0x000000b4   Code   RO         1844    i.uart1_Init        usart1.o
    0x08003b14   0x08003b14   0x0000002c   Code   RO         2104    locale$$code        c_w.l(lc_numeric_c.o)
    0x08003b40   0x08003b40   0x00000062   Code   RO         1975    x$fpl$d2f           fz_ws.l(d2f.o)
    0x08003ba2   0x08003ba2   0x00000002   PAD
    0x08003ba4   0x08003ba4   0x00000150   Code   RO         1977    x$fpl$dadd          fz_ws.l(daddsub_clz.o)
    0x08003cf4   0x08003cf4   0x00000018   Code   RO         2025    x$fpl$dcmpinf       fz_ws.l(dcmpi.o)
    0x08003d0c   0x08003d0c   0x0000002e   Code   RO         1984    x$fpl$dflt          fz_ws.l(dflt_clz.o)
    0x08003d3a   0x08003d3a   0x00000002   PAD
    0x08003d3c   0x08003d3c   0x00000078   Code   RO         1989    x$fpl$dleqf         fz_ws.l(dleqf.o)
    0x08003db4   0x08003db4   0x00000154   Code   RO         1991    x$fpl$dmul          fz_ws.l(dmul.o)
    0x08003f08   0x08003f08   0x0000009c   Code   RO         2027    x$fpl$dnaninf       fz_ws.l(dnaninf.o)
    0x08003fa4   0x08003fa4   0x0000000c   Code   RO         2029    x$fpl$dretinf       fz_ws.l(dretinf.o)
    0x08003fb0   0x08003fb0   0x0000006c   Code   RO         1993    x$fpl$drleqf        fz_ws.l(drleqf.o)
    0x0800401c   0x0800401c   0x000001d4   Code   RO         1979    x$fpl$dsub          fz_ws.l(daddsub_clz.o)
    0x080041f0   0x080041f0   0x00000056   Code   RO         1995    x$fpl$f2d           fz_ws.l(f2d.o)
    0x08004246   0x08004246   0x00000018   Code   RO         2031    x$fpl$fcmpinf       fz_ws.l(fcmpi.o)
    0x0800425e   0x0800425e   0x00000002   PAD
    0x08004260   0x08004260   0x00000068   Code   RO         1997    x$fpl$fleqf         fz_ws.l(fleqf.o)
    0x080042c8   0x080042c8   0x0000008c   Code   RO         2033    x$fpl$fnaninf       fz_ws.l(fnaninf.o)
    0x08004354   0x08004354   0x0000000a   Code   RO         2035    x$fpl$fretinf       fz_ws.l(fretinf.o)
    0x0800435e   0x0800435e   0x00000062   Code   RO         1999    x$fpl$frleqf        fz_ws.l(frleqf.o)
    0x080043c0   0x080043c0   0x00000004   Code   RO         2001    x$fpl$printf1       fz_ws.l(printf1.o)
    0x080043c4   0x080043c4   0x00000000   Code   RO         2037    x$fpl$usenofp       fz_ws.l(usenofp.o)
    0x080043c4   0x080043c4   0x00000011   Data   RO         1958    .constdata          c_w.l(__printf_flags_wp.o)
    0x080043d5   0x080043d5   0x00000003   PAD
    0x080043d8   0x080043d8   0x00000094   Data   RO         2065    .constdata          c_w.l(bigflt0.o)
    0x0800446c   0x0800446c   0x00000004   Data   RO         2111    .constdata          c_w.l(sys_io.o)
    0x08004470   0x08004470   0x00000004   Data   RO         2112    .constdata          c_w.l(sys_io.o)
    0x08004474   0x08004474   0x00000004   Data   RO         2113    .constdata          c_w.l(sys_io.o)
    0x08004478   0x08004478   0x00000042   Data   RO         1626    .conststring        main.o
    0x080044ba   0x080044ba   0x00000002   PAD
    0x080044bc   0x080044bc   0x00000020   Data   RO         2411    Region$$Table       anon$$obj.o
    0x080044dc   0x080044dc   0x0000001c   Data   RO         2103    locale$$data        c_w.l(lc_numeric_c.o)


    Execution Region RW_IRAM1 (Exec base: 0x20000000, Load base: 0x080044f8, Size: 0x00000938, Max: 0x00005000, ABSOLUTE)

    Exec Addr    Load Addr    Size         Type   Attr      Idx    E Section Name        Object

    0x20000000   0x080044f8   0x00000014   Data   RW          520    .data               stm32f10x_rcc.o
    0x20000014   0x0800450c   0x00000028   Data   RW         1627    .data               main.o
    0x2000003c   0x08004534   0x00000014   Data   RW         1769    .data               system_stm32f10x.o
    0x20000050   0x08004548   0x00000004   Data   RW         1802    .data               delay.o
    0x20000054   0x0800454c   0x00000005   Data   RW         1848    .data               usart1.o
    0x20000059   0x08004551   0x00000003   PAD
    0x2000005c   0x08004554   0x00000004   Data   RW         1890    .data               usart3.o
    0x20000060   0x08004558   0x00000004   Data   RW         2020    .data               c_w.l(stdio_streams.o)
    0x20000064   0x0800455c   0x00000004   Data   RW         2021    .data               c_w.l(stdio_streams.o)
    0x20000068   0x08004560   0x00000004   Data   RW         2022    .data               c_w.l(stdio_streams.o)
    0x2000006c        -       0x00000050   Zero   RW         1625    .bss                main.o
    0x200000bc        -       0x00000058   Zero   RW         1847    .bss                usart1.o
    0x20000114        -       0x000000c8   Zero   RW         1889    .bss                usart3.o
    0x200001dc        -       0x00000054   Zero   RW         2017    .bss                c_w.l(stdio_streams.o)
    0x20000230        -       0x00000054   Zero   RW         2018    .bss                c_w.l(stdio_streams.o)
    0x20000284        -       0x00000054   Zero   RW         2019    .bss                c_w.l(stdio_streams.o)
    0x200002d8        -       0x00000060   Zero   RW         2116    .bss                c_w.l(libspace.o)
    0x20000338        -       0x00000200   Zero   RW           18    HEAP                startup_stm32f10x_md.o
    0x20000538        -       0x00000400   Zero   RW           17    STACK               startup_stm32f10x_md.o


==============================================================================

Image component sizes


      Code (inc. data)   RO Data    RW Data    ZI Data      Debug   Object Name

         0          0          0          0          0       4536   core_cm3.o
       220         26          0          4          0       1707   delay.o
       588         28          0          0          0       2960   ds18b20.o
        84          8          0          0          0        508   gpio.o
       502         36          0          0          0       3862   lcd1602.o
      3202        508         66         40         80       5773   main.o
       172         22          0          0          0     228537   misc.o
        64         26        236          0       1536        808   startup_stm32f10x_md.o
       460          6          0          0          0       5441   stm32f10x_gpio.o
        26          0          0          0          0       3730   stm32f10x_it.o
       340         44          0         20          0       5532   stm32f10x_rcc.o
       646         28          0          0          0       7792   stm32f10x_usart.o
        12          0          0          0          0        457   sys.o
       328         28          0         20          0       2097   system_stm32f10x.o
       268         28          0          5         88       2000   usart1.o
       322         24          0          4        200       2943   usart3.o

    ----------------------------------------------------------------------
      7242        812        336         96       1904     278683   Object Totals
         0          0         32          0          0          0   (incl. Generated)
         8          0          2          3          0          0   (incl. Padding)

    ----------------------------------------------------------------------

      Code (inc. data)   RO Data    RW Data    ZI Data      Debug   Library Member Name

         8          0          0          0          0         68   __main.o
       312          4         17          0          0         92   __printf_flags_wp.o
        14          0          0          0          0         68   __printf_wp.o
         0          0          0          0          0          0   __rtentry.o
        12          0          0          0          0          0   __rtentry2.o
         6          0          0          0          0          0   __rtentry4.o
        52          8          0          0          0          0   __scatter.o
        26          0          0          0          0          0   __scatter_copy.o
        28          0          0          0          0          0   __scatter_zi.o
         6          0          0          0          0          0   _printf_c.o
        44          0          0          0          0        108   _printf_char.o
        48          6          0          0          0         96   _printf_char_common.o
        36          4          0          0          0         80   _printf_char_file.o
         6          0          0          0          0          0   _printf_d.o
       120         16          0          0          0         92   _printf_dec.o
         6          0          0          0          0          0   _printf_f.o
      1050          0          0          0          0        216   _printf_fp_dec.o
       128         16          0          0          0         84   _printf_fp_infnan.o
       178          0          0          0          0         88   _printf_intcommon.o
        78          0          0          0          0        108   _printf_pad.o
         0          0          0          0          0          0   _printf_percent.o
         4          0          0          0          0          0   _printf_percent_end.o
        82          0          0          0          0         80   _printf_str.o
        10          0          0          0          0         68   _sputc.o
       220          4        148          0          0         96   bigflt0.o
      1910        128          0          0          0        672   btod.o
        10          0          0          0          0         68   defsig_exit.o
        50          0          0          0          0         88   defsig_general.o
        80         58          0          0          0         76   defsig_rtmem_inner.o
        14          0          0          0          0         80   defsig_rtmem_outer.o
        52         38          0          0          0         76   defsig_rtred_inner.o
        14          0          0          0          0         80   defsig_rtred_outer.o
        12          0          0          0          0         72   exit.o
        76          0          0          0          0         88   fclose.o
         8          0          0          0          0         68   ferror.o
       470          0          0          0          0         88   flsbuf.o
       236          4          0          0          0        128   fopen.o
        26          0          0          0          0         68   fputc.o
       248          6          0          0          0         84   fseek.o
        66          0          0          0          0         76   ftell.o
        94          0          0          0          0         80   h1_alloc.o
        52          0          0          0          0         68   h1_extend.o
        78          0          0          0          0         80   h1_free.o
        14          0          0          0          0         84   h1_init.o
         6          0          0          0          0        152   heapauxi.o
         4          0          0          0          0        136   hguard.o
         0          0          0          0          0          0   indicate_semi.o
       138          0          0          0          0        168   init_alloc.o
       312         46          0          0          0        112   initio.o
        44         10         28          0          0         76   lc_numeric_c.o
         2          0          0          0          0          0   libinit.o
        30          0          0          0          0          0   libinit2.o
         2          0          0          0          0          0   libshutdown.o
         6          0          0          0          0          0   libshutdown2.o
         8          4          0          0         96         68   libspace.o
       138          0          0          0          0         80   lludiv10.o
         0          0          0          0          0          0   maybetermalloc1.o
        24          4          0          0          0         84   noretval__2printf.o
        40          6          0          0          0         84   noretval__2sprintf.o
         8          4          0          0          0         68   rt_errno_addr_intlibspace.o
         8          4          0          0          0         68   rt_heap_descriptor_intlibspace.o
         8          4          0          0          0         68   rt_locale_intlibspace.o
        68          0          0          0          0         68   rt_memclr.o
        78          0          0          0          0         80   rt_memclr_w.o
         2          0          0          0          0          0   rtexit.o
        10          0          0          0          0          0   rtexit2.o
        70          0          0          0          0         80   setvbuf.o
       240          6          0          0          0        156   stdio.o
         0          0          0         12        252          0   stdio_streams.o
       128          0          0          0          0         68   strcmpv7m.o
        62          0          0          0          0         76   strlen.o
        12          4          0          0          0         68   sys_exit.o
       102          0         12          0          0        240   sys_io.o
        74          0          0          0          0         80   sys_stackheap_outer.o
        14          0          0          0          0         76   sys_wrch.o
         2          0          0          0          0         68   use_no_semi.o
        98          4          0          0          0         92   d2f.o
       804         16          0          0          0        272   daddsub_clz.o
        24          0          0          0          0         68   dcmpi.o
        46          0          0          0          0         68   dflt_clz.o
       120          4          0          0          0         92   dleqf.o
       340         12          0          0          0        104   dmul.o
       156          4          0          0          0         92   dnaninf.o
        12          0          0          0          0         68   dretinf.o
       108          0          0          0          0         80   drleqf.o
        86          4          0          0          0         84   f2d.o
        24          0          0          0          0         68   fcmpi.o
       104          4          0          0          0         84   fleqf.o
       140          4          0          0          0         84   fnaninf.o
        10          0          0          0          0         68   fretinf.o
        98          0          0          0          0         68   frleqf.o
         4          0          0          0          0         68   printf1.o
         0          0          0          0          0          0   usenofp.o
        40          0          0          0          0         68   fpclassify.o

    ----------------------------------------------------------------------
      9870        436        208         12        348       7220   Library Totals
        32          0          3          0          0          0   (incl. Padding)

    ----------------------------------------------------------------------

      Code (inc. data)   RO Data    RW Data    ZI Data      Debug   Library Name

      7624        384        205         12        348       5692   c_w.l
      2174         52          0          0          0       1460   fz_ws.l
        40          0          0          0          0         68   m_ws.l

    ----------------------------------------------------------------------
      9870        436        208         12        348       7220   Library Totals

    ----------------------------------------------------------------------

==============================================================================


      Code (inc. data)   RO Data    RW Data    ZI Data      Debug   

     17112       1248        544        108       2252     278619   Grand Totals
     17112       1248        544        108       2252     278619   ELF Image Totals
     17112       1248        544        108          0          0   ROM Totals

==============================================================================

    Total RO  Size (Code + RO Data)                17656 (  17.24kB)
    Total RW  Size (RW Data + ZI Data)              2360 (   2.30kB)
    Total ROM Size (Code + RO Data + RW Data)      17764 (  17.35kB)

==============================================================================

